Component: ARM Compiler 5.05 update 1 (build 106) Tool: armlink [4d0efa]

==============================================================================

Section Cross References

    main.o(i.GPS_task_t) refers to _printf_percent.o(.ARM.Collect$$_printf_percent$$00000000) for _printf_percent
    main.o(i.GPS_task_t) refers to _printf_s.o(.ARM.Collect$$_printf_percent$$00000014) for _printf_s
    main.o(i.GPS_task_t) refers to _printf_str.o(.text) for _printf_str
    main.o(i.GPS_task_t) refers to tasks.o(i.vTaskDelay) for vTaskDelay
    main.o(i.GPS_task_t) refers to gps.o(i.GPS_Analysis) for GPS_Analysis
    main.o(i.GPS_task_t) refers to main.o(i.Gps_Msg_Show) for Gps_Msg_Show
    main.o(i.GPS_task_t) refers to __2printf.o(.text) for __2printf
    main.o(i.GPS_task_t) refers to lcd.o(.data) for POINT_COLOR
    main.o(i.GPS_task_t) refers to usart2.o(.data) for USART2_RX_STA
    main.o(i.GPS_task_t) refers to main.o(.data) for .data
    main.o(i.GPS_task_t) refers to main.o(.bss) for .bss
    main.o(i.GPS_task_t) refers to usart2.o(.bss) for USART2_RX_BUF
    main.o(i.Gps_Msg_Show) refers to _printf_percent.o(.ARM.Collect$$_printf_percent$$00000000) for _printf_percent
    main.o(i.Gps_Msg_Show) refers to _printf_f.o(.ARM.Collect$$_printf_percent$$00000003) for _printf_f
    main.o(i.Gps_Msg_Show) refers to printf1.o(x$fpl$printf1) for _printf_fp_dec
    main.o(i.Gps_Msg_Show) refers to _printf_pad.o(.text) for _printf_pre_padding
    main.o(i.Gps_Msg_Show) refers to _printf_d.o(.ARM.Collect$$_printf_percent$$00000009) for _printf_d
    main.o(i.Gps_Msg_Show) refers to _printf_dec.o(.text) for _printf_int_dec
    main.o(i.Gps_Msg_Show) refers to f2d.o(x$fpl$f2d) for __aeabi_f2d
    main.o(i.Gps_Msg_Show) refers to __2sprintf.o(.text) for __2sprintf
    main.o(i.Gps_Msg_Show) refers to lcd.o(i.LCD_ShowString) for LCD_ShowString
    main.o(i.Gps_Msg_Show) refers to strcpy.o(.text) for strcpy
    main.o(i.Gps_Msg_Show) refers to lcd.o(.data) for POINT_COLOR
    main.o(i.Gps_Msg_Show) refers to main.o(.bss) for .bss
    main.o(i.MQTT_TEST_t) refers to main.o(i.package) for package
    main.o(i.MQTT_TEST_t) refers to esp8266.o(i.MQTT_Publish) for MQTT_Publish
    main.o(i.MQTT_TEST_t) refers to lcd.o(i.LCD_ShowString) for LCD_ShowString
    main.o(i.MQTT_TEST_t) refers to tasks.o(i.vTaskDelay) for vTaskDelay
    main.o(i.MQTT_TEST_t) refers to main.o(.data) for .data
    main.o(i.NRF_task_t) refers to 24l01.o(i.NRF24L01_RX_Mode) for NRF24L01_RX_Mode
    main.o(i.NRF_task_t) refers to lcd.o(i.LCD_ShowString) for LCD_ShowString
    main.o(i.NRF_task_t) refers to 24l01.o(i.NRF24L01_RxPacket) for NRF24L01_RxPacket
    main.o(i.NRF_task_t) refers to tasks.o(i.vTaskDelay) for vTaskDelay
    main.o(i.NRF_task_t) refers to strlen.o(.text) for strlen
    main.o(i.NRF_task_t) refers to main.o(i.beep_start) for beep_start
    main.o(i.NRF_task_t) refers to lcd.o(i.LCD_ShowNum) for LCD_ShowNum
    main.o(i.NRF_task_t) refers to main.o(.bss) for .bss
    main.o(i.beep_start) refers to tasks.o(i.vTaskDelay) for vTaskDelay
    main.o(i.main) refers to misc.o(i.NVIC_PriorityGroupConfig) for NVIC_PriorityGroupConfig
    main.o(i.main) refers to delay.o(i.delay_init) for delay_init
    main.o(i.main) refers to usart.o(i.uart_init) for uart_init
    main.o(i.main) refers to usart2.o(i.usart2_init) for usart2_init
    main.o(i.main) refers to usart3.o(i.usart3_init) for usart3_init
    main.o(i.main) refers to led.o(i.LED_Init) for LED_Init
    main.o(i.main) refers to lcd.o(i.LCD_Init) for LCD_Init
    main.o(i.main) refers to 24l01.o(i.NRF24L01_Init) for NRF24L01_Init
    main.o(i.main) refers to lcd.o(i.LCD_ShowString) for LCD_ShowString
    main.o(i.main) refers to delay.o(i.delay_ms) for delay_ms
    main.o(i.main) refers to lcd.o(i.LCD_Fill) for LCD_Fill
    main.o(i.main) refers to esp8266.o(i.ESP8266_init) for ESP8266_init
    main.o(i.main) refers to gps.o(i.Ublox_Cfg_Rate) for Ublox_Cfg_Rate
    main.o(i.main) refers to gps.o(i.Ublox_Cfg_Prt) for Ublox_Cfg_Prt
    main.o(i.main) refers to gps.o(i.Ublox_Cfg_Tp) for Ublox_Cfg_Tp
    main.o(i.main) refers to gps.o(i.Ublox_Cfg_Cfg_Save) for Ublox_Cfg_Cfg_Save
    main.o(i.main) refers to tasks.o(i.xTaskCreate) for xTaskCreate
    main.o(i.main) refers to tasks.o(i.vTaskStartScheduler) for vTaskStartScheduler
    main.o(i.main) refers to lcd.o(.data) for POINT_COLOR
    main.o(i.main) refers to main.o(.data) for .data
    main.o(i.main) refers to main.o(i.start_task) for start_task
    main.o(i.package) refers to main.o(.bss) for .bss
    main.o(i.package) refers to main.o(.data) for .data
    main.o(i.start_task) refers to port.o(i.vPortEnterCritical) for vPortEnterCritical
    main.o(i.start_task) refers to tasks.o(i.xTaskCreate) for xTaskCreate
    main.o(i.start_task) refers to tasks.o(i.vTaskDelete) for vTaskDelete
    main.o(i.start_task) refers to port.o(i.vPortExitCritical) for vPortExitCritical
    main.o(i.start_task) refers to main.o(.data) for .data
[...]
    .data                                    0x20000064   Section        4  lcd.o(.data)
    .data                                    0x20000068   Section        2  usart3.o(.data)
    .data                                    0x2000006a   Section        2  usart2.o(.data)
    .data                                    0x2000006c   Section        4  delay.o(.data)
    fac_us                                   0x2000006c   Data           1  delay.o(.data)
    fac_ms                                   0x2000006e   Data           2  delay.o(.data)
    .data                                    0x20000070   Section        2  usart.o(.data)
    .data                                    0x20000074   Section        4  usart.o(.data)
    .data                                    0x20000078   Section       16  stm32f4xx_rcc.o(.data)
    APBAHBPrescTable                         0x20000078   Data          16  stm32f4xx_rcc.o(.data)
    .data                                    0x20000088   Section       60  tasks.o(.data)
    uxDeletedTasksWaitingCleanUp             0x2000008c   Data           4  tasks.o(.data)
    uxCurrentNumberOfTasks                   0x20000090   Data           4  tasks.o(.data)
    xTickCount                               0x20000094   Data           4  tasks.o(.data)
    uxTopReadyPriority                       0x20000098   Data           4  tasks.o(.data)
    xSchedulerRunning                        0x2000009c   Data           4  tasks.o(.data)
    uxPendedTicks                            0x200000a0   Data           4  tasks.o(.data)
    xYieldPending                            0x200000a4   Data           4  tasks.o(.data)
    xNumOfOverflows                          0x200000a8   Data           4  tasks.o(.data)
    uxTaskNumber                             0x200000ac   Data           4  tasks.o(.data)
    xNextTaskUnblockTime                     0x200000b0   Data           4  tasks.o(.data)
    xIdleTaskHandle                          0x200000b4   Data           4  tasks.o(.data)
    uxSchedulerSuspended                     0x200000b8   Data           4  tasks.o(.data)
    pxDelayedTaskList                        0x200000bc   Data           4  tasks.o(.data)
    pxOverflowDelayedTaskList                0x200000c0   Data           4  tasks.o(.data)
    .data                                    0x200000c4   Section       20  timers.o(.data)
    xTimerQueue                              0x200000c4   Data           4  timers.o(.data)
    xTimerTaskHandle                         0x200000c8   Data           4  timers.o(.data)
    xLastTime                                0x200000cc   Data           4  timers.o(.data)
    pxCurrentTimerList                       0x200000d0   Data           4  timers.o(.data)
    pxOverflowTimerList                      0x200000d4   Data           4  timers.o(.data)
    .data                                    0x200000d8   Section       12  port.o(.data)
    ucMaxSysCallPriority                     0x200000d8   Data           1  port.o(.data)
    uxCriticalNesting                        0x200000dc   Data           4  port.o(.data)
    ulMaxPRIGROUPValue                       0x200000e0   Data           4  port.o(.data)
    .data                                    0x200000e4   Section       24  heap_4.o(.data)
    pxEnd                                    0x200000e4   Data           4  heap_4.o(.data)
    xFreeBytesRemaining                      0x200000e8   Data           4  heap_4.o(.data)
    xMinimumEverFreeBytesRemaining           0x200000ec   Data           4  heap_4.o(.data)
    xBlockAllocatedBit                       0x200000f0   Data           4  heap_4.o(.data)
    xStart                                   0x200000f4   Data           8  heap_4.o(.data)
    .bss                                     0x200000fc   Section     1151  main.o(.bss)
    .bss                                     0x2000057c   Section       14  lcd.o(.bss)
    .bss                                     0x2000058a   Section      800  usart3.o(.bss)
    .bss                                     0x200008b0   Section     1600  usart2.o(.bss)
    .bss                                     0x20000ef0   Section      200  usart.o(.bss)
    .bss                                     0x20000fb8   Section       64  queue.o(.bss)
    .bss                                     0x20000ff8   Section      740  tasks.o(.bss)
    pxReadyTasksLists                        0x20000ff8   Data         640  tasks.o(.bss)
    xDelayedTaskList1                        0x20001278   Data          20  tasks.o(.bss)
    xDelayedTaskList2                        0x2000128c   Data          20  tasks.o(.bss)
    xPendingReadyList                        0x200012a0   Data          20  tasks.o(.bss)
    xTasksWaitingTermination                 0x200012b4   Data          20  tasks.o(.bss)
    xSuspendedTaskList                       0x200012c8   Data          20  tasks.o(.bss)
    .bss                                     0x200012dc   Section       40  timers.o(.bss)
    xActiveTimerList1                        0x200012dc   Data          20  timers.o(.bss)
    xActiveTimerList2                        0x200012f0   Data          20  timers.o(.bss)
    .bss                                     0x20001304   Section    20480  heap_4.o(.bss)
    ucHeap                                   0x20001304   Data       20480  heap_4.o(.bss)
    .bss                                     0x20006304   Section       96  libspace.o(.bss)
    HEAP                                     0x20006368   Section      512  startup_stm32f40_41xxx.o(HEAP)
    Heap_Mem                                 0x20006368   Data         512  startup_stm32f40_41xxx.o(HEAP)
    STACK                                    0x20006568   Section     1024  startup_stm32f40_41xxx.o(STACK)
    Stack_Mem                                0x20006568   Data        1024  startup_stm32f40_41xxx.o(STACK)
    __initial_sp                             0x20006968   Data           0  startup_stm32f40_41xxx.o(STACK)

    Global Symbols

    Symbol Name                              Value     Ov Type        Size  Object(Section)

    BuildAttributes$$THM_ISAv4$E$P$D$K$B$S$7EM$VFPi3$EXTD16$VFPS$VFMA$PE$A:L22UL41UL21$X:L11$S22US41US21$IEEE1$IW$USESV6$~STKCKD$USESV7$~SHL$OTIME$ROPI$IEEEJ$EBA8$UX$STANDARDLIB$REQ8$PRES8$EABIv2 0x00000000   Number         0  anon$$obj.o ABSOLUTE
    __ARM_use_no_argv                        0x00000000   Number         0  main.o ABSOLUTE
    _printf_flags                            0x00000000   Number         0  printf_stubs.o ABSOLUTE
    _printf_return_value                     0x00000000   Number         0  printf_stubs.o ABSOLUTE
    _printf_sizespec                         0x00000000   Number         0  printf_stubs.o ABSOLUTE
    _printf_widthprec                        0x00000000   Number         0  printf_stubs.o ABSOLUTE
    __ARM_exceptions_init                     - Undefined Weak Reference
    __alloca_initialize                       - Undefined Weak Reference
    __arm_preinit_                            - Undefined Weak Reference
    __cpp_initialize__aeabi_                  - Undefined Weak Reference
    __cxa_finalize                            - Undefined Weak Reference
    __sigvec_lookup                           - Undefined Weak Reference
    __user_heap_extent                        - Undefined Weak Reference
    _atexit_init                              - Undefined Weak Reference
    _call_atexit_fns                          - Undefined Weak Reference
    _clock_init                               - Undefined Weak Reference
    _fp_trap_init                             - Undefined Weak Reference
    _fp_trap_shutdown                         - Undefined Weak Reference
    _get_lc_collate                           - Undefined Weak Reference
    _get_lc_monetary                          - Undefined Weak Reference
    _get_lc_time                              - Undefined Weak Reference
    _getenv_init                              - Undefined Weak Reference
    _handle_redirection                       - Undefined Weak Reference
    _initio                                   - Undefined Weak Reference
    _mutex_acquire                            - Undefined Weak Reference
    _mutex_free                               - Undefined Weak Reference
    _mutex_release                            - Undefined Weak Reference
    _printf_fp_hex                            - Undefined Weak Reference
    _printf_mbtowc                            - Undefined Weak Reference
    _printf_wc                                - Undefined Weak Reference
    _rand_init                                - Undefined Weak Reference
    _signal_finish                            - Undefined Weak Reference
    _signal_init                              - Undefined Weak Reference
    _terminateio                              - Undefined Weak Reference
    __Vectors_Size                           0x00000188   Number         0  startup_stm32f40_41xxx.o ABSOLUTE
    __Vectors                                0x08000000   Data           4  startup_stm32f40_41xxx.o(RESET)
    __Vectors_End                            0x08000188   Data           0  startup_stm32f40_41xxx.o(RESET)
    __main                                   0x08000189   Thumb Code     8  __main.o(!!!main)
    __scatterload                            0x08000191   Thumb Code     0  __scatter.o(!!!scatter)
    __scatterload_rt2                        0x08000191   Thumb Code    44  __scatter.o(!!!scatter)
    __scatterload_rt2_thumb_only             0x08000191   Thumb Code     0  __scatter.o(!!!scatter)
    __scatterload_null                       0x0800019f   Thumb Code     0  __scatter.o(!!!scatter)
    __scatterload_copy                       0x080001c5   Thumb Code    26  __scatter_copy.o(!!handler_copy)
    __scatterload_zeroinit                   0x080001e1   Thumb Code    28  __scatter_zi.o(!!handler_zi)
    _printf_f                                0x080001fd   Thumb Code     0  _printf_f.o(.ARM.Collect$$_printf_percent$$00000003)
    _printf_percent                          0x080001fd   Thumb Code     0  _printf_percent.o(.ARM.Collect$$_printf_percent$$00000000)
    _printf_d                                0x08000203   Thumb Code     0  _printf_d.o(.ARM.Collect$$_printf_percent$$00000009)
    _printf_x                                0x08000209   Thumb Code     0  _printf_x.o(.ARM.Collect$$_printf_percent$$0000000C)
    _printf_s                                0x0800020f   Thumb Code     0  _printf_s.o(.ARM.Collect$$_printf_percent$$00000014)
    _printf_percent_end                      0x08000215   Thumb Code     0  _printf_percent_end.o(.ARM.Collect$$_printf_percent$$00000017)
    __rt_lib_init                            0x08000219   Thumb Code     0  libinit.o(.ARM.Collect$$libinit$$00000000)
    __rt_lib_init_fp_1                       0x0800021b   Thumb Code     0  libinit2.o(.ARM.Collect$$libinit$$00000001)
    __rt_lib_init_heap_1                     0x0800021f   Thumb Code     0  libinit2.o(.ARM.Collect$$libinit$$0000000A)
    __rt_lib_init_lc_common                  0x0800021f   Thumb Code     0  libinit2.o(.ARM.Collect$$libinit$$0000000F)
    __rt_lib_init_preinit_1                  0x0800021f   Thumb Code     0  libinit2.o(.ARM.Collect$$libinit$$00000004)
    __rt_lib_init_rand_1                     0x0800021f   Thumb Code     0  libinit2.o(.ARM.Collect$$libinit$$0000000E)
    __rt_lib_init_user_alloc_1               0x0800021f   Thumb Code     0  libinit2.o(.ARM.Collect$$libinit$$0000000C)
    __rt_lib_init_lc_collate_1               0x08000225   Thumb Code     0  libinit2.o(.ARM.Collect$$libinit$$00000011)
    __rt_lib_init_lc_ctype_1                 0x08000225   Thumb Code     0  libinit2.o(.ARM.Collect$$libinit$$00000013)
    __rt_lib_init_lc_monetary_1              0x08000225   Thumb Code     0  libinit2.o(.ARM.Collect$$libinit$$00000015)
    __rt_lib_init_lc_numeric_2               0x08000225   Thumb Code     0  libinit2.o(.ARM.Collect$$libinit$$00000016)
    __rt_lib_init_alloca_1                   0x0800022f   Thumb Code     0  libinit2.o(.ARM.Collect$$libinit$$0000002E)
    __rt_lib_init_argv_1                     0x0800022f   Thumb Code     0  libinit2.o(.ARM.Collect$$libinit$$0000002C)
    __rt_lib_init_atexit_1                   0x0800022f   Thumb Code     0  libinit2.o(.ARM.Collect$$libinit$$0000001B)
    __rt_lib_init_clock_1                    0x0800022f   Thumb Code     0  libinit2.o(.ARM.Collect$$libinit$$00000021)
    __rt_lib_init_cpp_1                      0x0800022f   Thumb Code     0  libinit2.o(.ARM.Collect$$libinit$$00000032)
    __rt_lib_init_exceptions_1               0x0800022f   Thumb Code     0  libinit2.o(.ARM.Collect$$libinit$$00000030)
    __rt_lib_init_fp_trap_1                  0x0800022f   Thumb Code     0  libinit2.o(.ARM.Collect$$libinit$$0000001F)
    __rt_lib_init_getenv_1                   0x0800022f   Thumb Code     0  libinit2.o(.ARM.Collect$$libinit$$00000023)
    __rt_lib_init_lc_numeric_1               0x0800022f   Thumb Code     0  libinit2.o(.ARM.Collect$$libinit$$00000017)
    __rt_lib_init_lc_time_1                  0x0800022f   Thumb Code     0  libinit2.o(.ARM.Collect$$libinit$$00000019)
    __rt_lib_init_return                     0x0800022f   Thumb Code     0  libinit2.o(.ARM.Collect$$libinit$$00000033)
    __rt_lib_init_signal_1                   0x0800022f   Thumb Code     0  libinit2.o(.ARM.Collect$$libinit$$0000001D)
    __rt_lib_init_stdio_1                    0x0800022f   Thumb Code     0  libinit2.o(.ARM.Collect$$libinit$$00000025)
    __rt_lib_shutdown                        0x08000231   Thumb Code     0  libshutdown.o(.ARM.Collect$$libshutdown$$00000000)
    __rt_lib_shutdown_fp_trap_1              0x08000233   Thumb Code     0  libshutdown2.o(.ARM.Collect$$libshutdown$$00000006)
    __rt_lib_shutdown_heap_1                 0x08000233   Thumb Code     0  libshutdown2.o(.ARM.Collect$$libshutdown$$0000000E)
    __rt_lib_shutdown_return                 0x08000233   Thumb Code     0  libshutdown2.o(.ARM.Collect$$libshutdown$$0000000F)
    __rt_lib_shutdown_signal_1               0x08000233   Thumb Code     0  libshutdown2.o(.ARM.Collect$$libshutdown$$00000009)
    __rt_lib_shutdown_stdio_1                0x08000233   Thumb Code     0  libshutdown2.o(.ARM.Collect$$libshutdown$$00000003)
    __rt_lib_shutdown_user_alloc_1           0x08000233   Thumb Code     0  libshutdown2.o(.ARM.Collect$$libshutdown$$0000000B)
    __rt_entry                               0x08000235   Thumb Code     0  __rtentry.o(.ARM.Collect$$rtentry$$00000000)
    __rt_entry_presh_1                       0x08000235   Thumb Code     0  __rtentry2.o(.ARM.Collect$$rtentry$$00000002)
    __rt_entry_sh                            0x08000235   Thumb Code     0  __rtentry4.o(.ARM.Collect$$rtentry$$00000004)
    __rt_entry_li                            0x0800023b   Thumb Code     0  __rtentry2.o(.ARM.Collect$$rtentry$$0000000A)
    __rt_entry_postsh_1                      0x0800023b   Thumb Code     0  __rtentry2.o(.ARM.Collect$$rtentry$$00000009)
    __rt_entry_main                          0x0800023f   Thumb Code     0  __rtentry2.o(.ARM.Collect$$rtentry$$0000000D)
    __rt_entry_postli_1                      0x0800023f   Thumb Code     0  __rtentry2.o(.ARM.Collect$$rtentry$$0000000C)
    __rt_exit                                0x08000247   Thumb Code     0  rtexit.o(.ARM.Collect$$rtexit$$00000000)
    __rt_exit_ls                             0x08000249   Thumb Code     0  rtexit2.o(.ARM.Collect$$rtexit$$00000003)
    __rt_exit_prels_1                        0x08000249   Thumb Code     0  rtexit2.o(.ARM.Collect$$rtexit$$00000002)
    __rt_exit_exit                           0x0800024d   Thumb Code     0  rtexit2.o(.ARM.Collect$$rtexit$$00000004)
    SVC_Handler                              0x08000255   Thumb Code    28  port.o(.emb_text)
    __asm___6_port_c_39a90d8d__prvStartFirstTask 0x08000275   Thumb Code    28  port.o(.emb_text)
    __asm___6_port_c_39a90d8d__prvEnableVFP  0x08000295   Thumb Code    16  port.o(.emb_text)
    PendSV_Handler                           0x080002a9   Thumb Code    88  port.o(.emb_text)
    vPortGetIPSR                             0x08000305   Thumb Code     6  port.o(.emb_text)
    Reset_Handler                            0x0800030d   Thumb Code     8  startup_stm32f40_41xxx.o(.text)
    ADC_IRQHandler                           0x08000327   Thumb Code     0  startup_stm32f40_41xxx.o(.text)
    CAN1_RX0_IRQHandler                      0x08000327   Thumb Code     0  startup_stm32f40_41xxx.o(.text)
    CAN1_RX1_IRQHandler                      0x08000327   Thumb Code     0  startup_stm32f40_41xxx.o(.text)
    CAN1_SCE_IRQHandler                      0x08000327   Thumb Code     0  startup_stm32f40_41xxx.o(.text)
    CAN1_TX_IRQHandler                       0x08000327   Thumb Code     0  startup_stm32f40_41xxx.o(.text)
    CAN2_RX0_IRQHandler                      0x08000327   Thumb Code     0  startup_stm32f40_41xxx.o(.text)
    CAN2_RX1_IRQHandler                      0x08000327   Thumb Code     0  startup_stm32f40_41xxx.o(.text)
    CAN2_SCE_IRQHandler                      0x08000327   Thumb Code     0  startup_stm32f40_41xxx.o(.text)
    CAN2_TX_IRQHandler                       0x08000327   Thumb Code     0  startup_stm32f40_41xxx.o(.text)
    CRYP_IRQHandler                          0x08000327   Thumb Code     0  startup_stm32f40_41xxx.o(.text)
    DCMI_IRQHandler                          0x08000327   Thumb Code     0  startup_stm32f40_41xxx.o(.text)
    DMA1_Stream0_IRQHandler                  0x08000327   Thumb Code     0  startup_stm32f40_41xxx.o(.text)
    DMA1_Stream1_IRQHandler                  0x08000327   Thumb Code     0  startup_stm32f40_41xxx.o(.text)
    DMA1_Stream2_IRQHandler                  0x08000327   Thumb Code     0  startup_stm32f40_41xxx.o(.text)
    DMA1_Stream3_IRQHandler                  0x08000327   Thumb Code     0  startup_stm32f40_41xxx.o(.text)
    DMA1_Stream4_IRQHandler                  0x08000327   Thumb Code     0  startup_stm32f40_41xxx.o(.text)
    DMA1_Stream5_IRQHandler                  0x08000327   Thumb Code     0  startup_stm32f40_41xxx.o(.text)
    DMA1_Stream6_IRQHandler                  0x08000327   Thumb Code     0  startup_stm32f40_41xxx.o(.text)
    DMA1_Stream7_IRQHandler                  0x08000327   Thumb Code     0  startup_stm32f40_41xxx.o(.text)
    DMA2_Stream0_IRQHandler                  0x08000327   Thumb Code     0  startup_stm32f40_41xxx.o(.text)
    DMA2_Stream1_IRQHandler                  0x08000327   Thumb Code     0  startup_stm32f40_41xxx.o(.text)
    DMA2_Stream2_IRQHandler                  0x08000327   Thumb Code     0  startup_stm32f40_41xxx.o(.text)
    DMA2_Stream3_IRQHandler                  0x08000327   Thumb Code     0  startup_stm32f40_41xxx.o(.text)
    DMA2_Stream4_IRQHandler                  0x08000327   Thumb Code     0  startup_stm32f40_41xxx.o(.text)
    DMA2_Stream5_IRQHandler                  0x08000327   Thumb Code     0  startup_stm32f40_41xxx.o(.text)
    DMA2_Stream6_IRQHandler                  0x08000327   Thumb Code     0  startup_stm32f40_41xxx.o(.text)
    DMA2_Stream7_IRQHandler                  0x08000327   Thumb Code     0  startup_stm32f40_41xxx.o(.text)
    ETH_IRQHandler                           0x08000327   Thumb Code     0  startup_stm32f40_41xxx.o(.text)
    ETH_WKUP_IRQHandler                      0x08000327   Thumb Code     0  startup_stm32f40_41xxx.o(.text)
    EXTI0_IRQHandler                         0x08000327   Thumb Code     0  startup_stm32f40_41xxx.o(.text)
    EXTI15_10_IRQHandler                     0x08000327   Thumb Code     0  startup_stm32f40_41xxx.o(.text)
    EXTI1_IRQHandler                         0x08000327   Thumb Code     0  startup_stm32f40_41xxx.o(.text)
    EXTI2_IRQHandler                         0x08000327   Thumb Code     0  startup_stm32f40_41xxx.o(.text)
    EXTI3_IRQHandler                         0x08000327   Thumb Code     0  startup_stm32f40_41xxx.o(.text)
    EXTI4_IRQHandler                         0x08000327   Thumb Code     0  startup_stm32f40_41xxx.o(.text)
    EXTI9_5_IRQHandler                       0x08000327   Thumb Code     0  startup_stm32f40_41xxx.o(.text)
    FLASH_IRQHandler                         0x08000327   Thumb Code     0  startup_stm32f40_41xxx.o(.text)
    FPU_IRQHandler                           0x08000327   Thumb Code     0  startup_stm32f40_41xxx.o(.text)
    FSMC_IRQHandler                          0x08000327   Thumb Code     0  startup_stm32f40_41xxx.o(.text)
    HASH_RNG_IRQHandler                      0x08000327   Thumb Code     0  startup_stm32f40_41xxx.o(.text)
    I2C1_ER_IRQHandler                       0x08000327   Thumb Code     0  startup_stm32f40_41xxx.o(.text)
    I2C1_EV_IRQHandler                       0x08000327   Thumb Code     0  startup_stm32f40_41xxx.o(.text)
    I2C2_ER_IRQHandler                       0x08000327   Thumb Code     0  startup_stm32f40_41xxx.o(.text)
    I2C2_EV_IRQHandler                       0x08000327   Thumb Code     0  startup_stm32f40_41xxx.o(.text)
    I2C3_ER_IRQHandler                       0x08000327   Thumb Code     0  startup_stm32f40_41xxx.o(.text)
    I2C3_EV_IRQHandler                       0x08000327   Thumb Code     0  startup_stm32f40_41xxx.o(.text)
    OTG_FS_IRQHandler                        0x08000327   Thumb Code     0  startup_stm32f40_41xxx.o(.text)
    OTG_FS_WKUP_IRQHandler                   0x08000327   Thumb Code     0  startup_stm32f40_41xxx.o(.text)
    OTG_HS_EP1_IN_IRQHandler                 0x08000327   Thumb Code     0  startup_stm32f40_41xxx.o(.text)
    OTG_HS_EP1_OUT_IRQHandler                0x08000327   Thumb Code     0  startup_stm32f40_41xxx.o(.text)
    OTG_HS_IRQHandler                        0x08000327   Thumb Code     0  startup_stm32f40_41xxx.o(.text)
    OTG_HS_WKUP_IRQHandler                   0x08000327   Thumb Code     0  startup_stm32f40_41xxx.o(.text)
    PVD_IRQHandler                           0x08000327   Thumb Code     0  startup_stm32f40_41xxx.o(.text)
    RCC_IRQHandler                           0x08000327   Thumb Code     0  startup_stm32f40_41xxx.o(.text)
    RTC_Alarm_IRQHandler                     0x08000327   Thumb Code     0  startup_stm32f40_41xxx.o(.text)
    RTC_WKUP_IRQHandler                      0x08000327   Thumb Code     0  startup_stm32f40_41xxx.o(.text)
    SDIO_IRQHandler                          0x08000327   Thumb Code     0  startup_stm32f40_41xxx.o(.text)
    SPI1_IRQHandler                          0x08000327   Thumb Code     0  startup_stm32f40_41xxx.o(.text)
    SPI2_IRQHandler                          0x08000327   Thumb Code     0  startup_stm32f40_41xxx.o(.text)
    SPI3_IRQHandler                          0x08000327   Thumb Code     0  startup_stm32f40_41xxx.o(.text)
    TAMP_STAMP_IRQHandler                    0x08000327   Thumb Code     0  startup_stm32f40_41xxx.o(.text)
    TIM1_BRK_TIM9_IRQHandler                 0x08000327   Thumb Code     0  startup_stm32f40_41xxx.o(.text)
    TIM1_CC_IRQHandler                       0x08000327   Thumb Code     0  startup_stm32f40_41xxx.o(.text)
    TIM1_TRG_COM_TIM11_IRQHandler            0x08000327   Thumb Code     0  startup_stm32f40_41xxx.o(.text)
    TIM1_UP_TIM10_IRQHandler                 0x08000327   Thumb Code     0  startup_stm32f40_41xxx.o(.text)
    TIM2_IRQHandler                          0x08000327   Thumb Code     0  startup_stm32f40_41xxx.o(.text)
    TIM4_IRQHandler                          0x08000327   Thumb Code     0  startup_stm32f40_41xxx.o(.text)
    TIM5_IRQHandler                          0x08000327   Thumb Code     0  startup_stm32f40_41xxx.o(.text)
    TIM6_DAC_IRQHandler                      0x08000327   Thumb Code     0  startup_stm32f40_41xxx.o(.text)
    TIM8_BRK_TIM12_IRQHandler                0x08000327   Thumb Code     0  startup_stm32f40_41xxx.o(.text)
    TIM8_CC_IRQHandler                       0x08000327   Thumb Code     0  startup_stm32f40_41xxx.o(.text)
    TIM8_TRG_COM_TIM14_IRQHandler            0x08000327   Thumb Code     0  startup_stm32f40_41xxx.o(.text)
    TIM8_UP_TIM13_IRQHandler                 0x08000327   Thumb Code     0  startup_stm32f40_41xxx.o(.text)
    UART4_IRQHandler                         0x08000327   Thumb Code     0  startup_stm32f40_41xxx.o(.text)
    UART5_IRQHandler                         0x08000327   Thumb Code     0  startup_stm32f40_41xxx.o(.text)
    USART6_IRQHandler                        0x08000327   Thumb Code     0  startup_stm32f40_41xxx.o(.text)
    WWDG_IRQHandler                          0x08000327   Thumb Code     0  startup_stm32f40_41xxx.o(.text)
    __user_initial_stackheap                 0x08000329   Thumb Code     0  startup_stm32f40_41xxx.o(.text)
    __use_no_semihosting                     0x0800034d   Thumb Code     2  use_no_semi_2.o(.text)
    __2printf                                0x08000351   Thumb Code    20  __2printf.o(.text)
    __2sprintf                               0x08000369   Thumb Code    38  __2sprintf.o(.text)
    _printf_pre_padding                      0x08000395   Thumb Code    44  _printf_pad.o(.text)
    _printf_post_padding                     0x080003c1   Thumb Code    34  _printf_pad.o(.text)
    _printf_str                              0x080003e3   Thumb Code    82  _printf_str.o(.text)
    _printf_int_dec                          0x08000435   Thumb Code   104  _printf_dec.o(.text)
    _printf_longlong_hex                     0x080004ad   Thumb Code    86  _printf_hex_int_ll_ptr.o(.text)
    _printf_int_hex                          0x08000503   Thumb Code    28  _printf_hex_int_ll_ptr.o(.text)
    _printf_ll_hex                           0x0800051f   Thumb Code    12  _printf_hex_int_ll_ptr.o(.text)
    _printf_hex_ptr                          0x0800052b   Thumb Code    18  _printf_hex_int_ll_ptr.o(.text)
    __printf                                 0x08000541   Thumb Code   388  __printf_flags_ss_wp.o(.text)
    strstr                                   0x080006c9   Thumb Code    36  strstr.o(.text)
    strcpy                                   0x080006ed   Thumb Code    72  strcpy.o(.text)
    strlen                                   0x08000735   Thumb Code    62  strlen.o(.text)
    __aeabi_memcpy                           0x08000773   Thumb Code     0  rt_memcpy_v6.o(.text)
    __rt_memcpy                              0x08000773   Thumb Code   138  rt_memcpy_v6.o(.text)
    _memcpy_lastbytes                        0x080007d9   Thumb Code     0  rt_memcpy_v6.o(.text)
    __aeabi_memset                           0x080007fd   Thumb Code    16  aeabi_memset.o(.text)
    __aeabi_memclr                           0x0800080d   Thumb Code     0  rt_memclr.o(.text)
    __rt_memclr                              0x0800080d   Thumb Code    68  rt_memclr.o(.text)
    _memset                                  0x08000811   Thumb Code     0  rt_memclr.o(.text)
    __aeabi_memclr4                          0x08000851   Thumb Code     0  rt_memclr_w.o(.text)
    __aeabi_memclr8                          0x08000851   Thumb Code     0  rt_memclr_w.o(.text)
    __rt_memclr_w                            0x08000851   Thumb Code    78  rt_memclr_w.o(.text)
    _memset_w                                0x08000855   Thumb Code     0  rt_memclr_w.o(.text)
    strcmp                                   0x080008a1   Thumb Code   128  strcmpv7m.o(.text)
    __use_two_region_memory                  0x08000921   Thumb Code     2  heapauxi.o(.text)
    __rt_heap_escrow                         0x08000923   Thumb Code     2  heapauxi.o(.text)
    __rt_heap_expand                         0x08000925   Thumb Code     2  heapauxi.o(.text)
    __I$use$semihosting                      0x08000927   Thumb Code     0  use_no_semi.o(.text)
    __use_no_semihosting_swi                 0x08000927   Thumb Code     2  use_no_semi.o(.text)
    _printf_int_common                       0x08000929   Thumb Code   178  _printf_intcommon.o(.text)
    __lib_sel_fp_printf                      0x080009db   Thumb Code     2  _printf_fp_dec.o(.text)
    _printf_fp_dec_real                      0x08000b89   Thumb Code   620  _printf_fp_dec.o(.text)
    _printf_char_common                      0x08000dff   Thumb Code    32  _printf_char_common.o(.text)
    _sputc                                   0x08000e25   Thumb Code    10  _sputc.o(.text)
    _printf_cs_common                        0x08000e2f   Thumb Code    20  _printf_char.o(.text)
    _printf_char                             0x08000e43   Thumb Code    16  _printf_char.o(.text)
    _printf_string                           0x08000e53   Thumb Code     8  _printf_char.o(.text)
    _printf_char_file                        0x08000e5d   Thumb Code    32  _printf_char_file.o(.text)
    __aeabi_memcpy4                          0x08000e81   Thumb Code     0  rt_memcpy_w.o(.text)
    __aeabi_memcpy8                          0x08000e81   Thumb Code     0  rt_memcpy_w.o(.text)
    __rt_memcpy_w                            0x08000e81   Thumb Code   100  rt_memcpy_w.o(.text)
    _memcpy_lastbytes_aligned                0x08000ec9   Thumb Code     0  rt_memcpy_w.o(.text)
    __user_libspace                          0x08000ee5   Thumb Code     8  libspace.o(.text)
    __user_perproc_libspace                  0x08000ee5   Thumb Code     0  libspace.o(.text)
    __user_perthread_libspace                0x08000ee5   Thumb Code     0  libspace.o(.text)
    __rt_locale                              0x08000eed   Thumb Code     8  rt_locale_intlibspace.o(.text)
    _ll_udiv10                               0x08000ef5   Thumb Code   138  lludiv10.o(.text)
    _printf_fp_infnan                        0x08000f81   Thumb Code   112  _printf_fp_infnan.o(.text)
    _btod_etento                             0x08001001   Thumb Code   216  bigflt0.o(.text)
    ferror                                   0x080010dd   Thumb Code     8  ferror.o(.text)
    __user_setup_stackheap                   0x080010e5   Thumb Code    74  sys_stackheap_outer.o(.text)
    exit                                     0x0800112f   Thumb Code    12  exit.o(.text)
    _btod_d2e                                0x0800113b   Thumb Code    62  btod.o(CL$$btod_d2e)
    _d2e_denorm_low                          0x08001179   Thumb Code    70  btod.o(CL$$btod_d2e_denorm_low)
    _d2e_norm_op1                            0x080011bf   Thumb Code    96  btod.o(CL$$btod_d2e_norm_op1)
    __btod_div_common                        0x0800121f   Thumb Code   696  btod.o(CL$$btod_div_common)
    _e2e                                     0x08001557   Thumb Code   198  btod.o(CL$$btod_e2e)
    _btod_ediv                               0x0800161d   Thumb Code    40  btod.o(CL$$btod_ediv)
    _btod_emul                               0x08001645   Thumb Code    40  btod.o(CL$$btod_emul)
    __btod_mult_common                       0x0800166d   Thumb Code   580  btod.o(CL$$btod_mult_common)
    BusFault_Handler                         0x080018b1   Thumb Code     2  stm32f4xx_it.o(i.BusFault_Handler)
    DebugMon_Handler                         0x080018b3   Thumb Code     2  stm32f4xx_it.o(i.DebugMon_Handler)
    ESP8266_SendCmd                          0x080018b5   Thumb Code    48  esp8266.o(i.ESP8266_SendCmd)
    ESP8266_init                             0x080018e9   Thumb Code    32  esp8266.o(i.ESP8266_init)
    FSMC_NORSRAMCmd                          0x08001931   Thumb Code    26  stm32f4xx_fsmc.o(i.FSMC_NORSRAMCmd)
    FSMC_NORSRAMInit                         0x08001951   Thumb Code   200  stm32f4xx_fsmc.o(i.FSMC_NORSRAMInit)
    GPIO_Init                                0x08001a19   Thumb Code   120  stm32f4xx_gpio.o(i.GPIO_Init)
    GPIO_PinAFConfig                         0x08001a91   Thumb Code    32  stm32f4xx_gpio.o(i.GPIO_PinAFConfig)
    GPIO_SetBits                             0x08001ab1   Thumb Code     4  stm32f4xx_gpio.o(i.GPIO_SetBits)
    GPS_Analysis                             0x08001ab5   Thumb Code    46  gps.o(i.GPS_Analysis)
    GPS_task_t                               0x08001ae5   Thumb Code    90  main.o(i.GPS_task_t)
    Gps_Msg_Show                             0x08001b5d   Thumb Code   242  main.o(i.Gps_Msg_Show)
    HardFault_Handler                        0x08001c9d   Thumb Code     2  stm32f4xx_it.o(i.HardFault_Handler)
    LCD_Clear                                0x08001ca1   Thumb Code   104  lcd.o(i.LCD_Clear)
    LCD_Display_Dir                          0x08001d0d   Thumb Code   304  lcd.o(i.LCD_Display_Dir)
    LCD_Fast_DrawPoint                       0x08001e41   Thumb Code   266  lcd.o(i.LCD_Fast_DrawPoint)
    LCD_Fill                                 0x08001f51   Thumb Code   134  lcd.o(i.LCD_Fill)
    LCD_Init                                 0x08001fdd   Thumb Code 14094  lcd.o(i.LCD_Init)
    LCD_Pow                                  0x080056eb   Thumb Code    16  lcd.o(i.LCD_Pow)
    LCD_RD_DATA                              0x080056fb   Thumb Code    20  lcd.o(i.LCD_RD_DATA)
    LCD_ReadReg                              0x0800570f   Thumb Code    20  lcd.o(i.LCD_ReadReg)
    LCD_SSD_BackLightSet                     0x08005725   Thumb Code    72  lcd.o(i.LCD_SSD_BackLightSet)
    LCD_Scan_Dir                             0x08005775   Thumb Code   510  lcd.o(i.LCD_Scan_Dir)
    LCD_SetCursor                            0x08005979   Thumb Code   332  lcd.o(i.LCD_SetCursor)
    LCD_ShowChar                             0x08005ac9   Thumb Code   184  lcd.o(i.LCD_ShowChar)
    LCD_ShowNum                              0x08005b95   Thumb Code   118  lcd.o(i.LCD_ShowNum)
    LCD_ShowString                           0x08005c0b   Thumb Code    84  lcd.o(i.LCD_ShowString)
    LCD_WR_DATA                              0x08005c5f   Thumb Code    24  lcd.o(i.LCD_WR_DATA)
    LCD_WR_REG                               0x08005c77   Thumb Code    24  lcd.o(i.LCD_WR_REG)
    LCD_WriteRAM_Prepare                     0x08005c91   Thumb Code    14  lcd.o(i.LCD_WriteRAM_Prepare)
    LCD_WriteReg                             0x08005ca5   Thumb Code    12  lcd.o(i.LCD_WriteReg)
    LED_Init                                 0x08005cb1   Thumb Code    58  led.o(i.LED_Init)
    MQTT_Publish                             0x08005cf1   Thumb Code    78  esp8266.o(i.MQTT_Publish)
    MQTT_TEST_t                              0x08005d9d   Thumb Code    82  main.o(i.MQTT_TEST_t)
    MemManage_Handler                        0x08005e39   Thumb Code     2  stm32f4xx_it.o(i.MemManage_Handler)
    NMEA_Comma_Pos                           0x08005e3b   Thumb Code    42  gps.o(i.NMEA_Comma_Pos)
    NMEA_GPGGA_Analysis                      0x08005e65   Thumb Code    88  gps.o(i.NMEA_GPGGA_Analysis)
    NMEA_GPGSA_Analysis                      0x08005ec5   Thumb Code   150  gps.o(i.NMEA_GPGSA_Analysis)
    NMEA_GPGSV_Analysis                      0x08005f65   Thumb Code   224  gps.o(i.NMEA_GPGSV_Analysis)
    NMEA_GPRMC_Analysis                      0x0800604d   Thumb Code   488  gps.o(i.NMEA_GPRMC_Analysis)
    NMEA_GPVTG_Analysis                      0x08006241   Thumb Code    68  gps.o(i.NMEA_GPVTG_Analysis)
    NMEA_Pow                                 0x0800628d   Thumb Code    16  gps.o(i.NMEA_Pow)
    NMEA_Str2num                             0x0800629d   Thumb Code   192  gps.o(i.NMEA_Str2num)
    NMI_Handler                              0x0800635d   Thumb Code     2  stm32f4xx_it.o(i.NMI_Handler)
    NRF24L01_Init                            0x08006361   Thumb Code   132  24l01.o(i.NRF24L01_Init)
    NRF24L01_RX_Mode                         0x080063f1   Thumb Code    78  24l01.o(i.NRF24L01_RX_Mode)
    NRF24L01_Read_Buf                        0x08006449   Thumb Code    54  24l01.o(i.NRF24L01_Read_Buf)
    NRF24L01_Read_Reg                        0x08006485   Thumb Code    30  24l01.o(i.NRF24L01_Read_Reg)
    NRF24L01_RxPacket                        0x080064a9   Thumb Code    56  24l01.o(i.NRF24L01_RxPacket)
    NRF24L01_SPI_Init                        0x080064e1   Thumb Code    82  24l01.o(i.NRF24L01_SPI_Init)
    NRF24L01_Write_Buf                       0x08006539   Thumb Code    54  24l01.o(i.NRF24L01_Write_Buf)
    NRF24L01_Write_Reg                       0x08006575   Thumb Code    40  24l01.o(i.NRF24L01_Write_Reg)
    NRF_task_t                               0x080065a1   Thumb Code   566  main.o(i.NRF_task_t)
    NVIC_Init                                0x08006815   Thumb Code    96  misc.o(i.NVIC_Init)
    NVIC_PriorityGroupConfig                 0x08006879   Thumb Code    10  misc.o(i.NVIC_PriorityGroupConfig)
    RCC_AHB1PeriphClockCmd                   0x0800688d   Thumb Code    18  stm32f4xx_rcc.o(i.RCC_AHB1PeriphClockCmd)
    RCC_AHB3PeriphClockCmd                   0x080068a5   Thumb Code    18  stm32f4xx_rcc.o(i.RCC_AHB3PeriphClockCmd)
    RCC_APB1PeriphClockCmd                   0x080068bd   Thumb Code    18  stm32f4xx_rcc.o(i.RCC_APB1PeriphClockCmd)
    RCC_APB1PeriphResetCmd                   0x080068d5   Thumb Code    18  stm32f4xx_rcc.o(i.RCC_APB1PeriphResetCmd)
    RCC_APB2PeriphClockCmd                   0x080068ed   Thumb Code    18  stm32f4xx_rcc.o(i.RCC_APB2PeriphClockCmd)
    RCC_APB2PeriphResetCmd                   0x08006905   Thumb Code    18  stm32f4xx_rcc.o(i.RCC_APB2PeriphResetCmd)
    RCC_GetClocksFreq                        0x0800691d   Thumb Code   132  stm32f4xx_rcc.o(i.RCC_GetClocksFreq)
    SPI1_Init                                0x080069ad   Thumb Code   186  spi.o(i.SPI1_Init)
    SPI1_ReadWriteByte                       0x08006a71   Thumb Code    48  spi.o(i.SPI1_ReadWriteByte)
    SPI1_SetSpeed                            0x08006aa5   Thumb Code    24  spi.o(i.SPI1_SetSpeed)
    SPI_Cmd                                  0x08006ac1   Thumb Code    20  stm32f4xx_spi.o(i.SPI_Cmd)
    SPI_I2S_GetFlagStatus                    0x08006ad5   Thumb Code    14  stm32f4xx_spi.o(i.SPI_I2S_GetFlagStatus)
    SPI_I2S_ReceiveData                      0x08006ae3   Thumb Code     4  stm32f4xx_spi.o(i.SPI_I2S_ReceiveData)
    SPI_I2S_SendData                         0x08006ae7   Thumb Code     4  stm32f4xx_spi.o(i.SPI_I2S_SendData)
    SPI_Init                                 0x08006aeb   Thumb Code    56  stm32f4xx_spi.o(i.SPI_Init)
    SysTick_CLKSourceConfig                  0x08006bd9   Thumb Code    24  misc.o(i.SysTick_CLKSourceConfig)
    SysTick_Handler                          0x08006bf1   Thumb Code    20  delay.o(i.SysTick_Handler)
    SystemInit                               0x08006c05   Thumb Code    74  system_stm32f4xx.o(i.SystemInit)
    TIM3_IRQHandler                          0x08006c61   Thumb Code    48  timer3.o(i.TIM3_IRQHandler)
    TIM3_Int_Init                            0x08006c99   Thumb Code    88  timer3.o(i.TIM3_Int_Init)
    TIM7_IRQHandler                          0x08006cf5   Thumb Code    48  timer.o(i.TIM7_IRQHandler)
    TIM7_Int_Init                            0x08006d2d   Thumb Code    88  timer.o(i.TIM7_Int_Init)
    TIM_ClearITPendingBit                    0x08006d89   Thumb Code     6  stm32f4xx_tim.o(i.TIM_ClearITPendingBit)
    TIM_Cmd                                  0x08006d8f   Thumb Code    20  stm32f4xx_tim.o(i.TIM_Cmd)
    TIM_GetITStatus                          0x08006da3   Thumb Code    24  stm32f4xx_tim.o(i.TIM_GetITStatus)
    TIM_ITConfig                             0x08006dbb   Thumb Code    16  stm32f4xx_tim.o(i.TIM_ITConfig)
    TIM_SetCounter                           0x08006dcb   Thumb Code     4  stm32f4xx_tim.o(i.TIM_SetCounter)
    TIM_TimeBaseInit                         0x08006dd1   Thumb Code    96  stm32f4xx_tim.o(i.TIM_TimeBaseInit)
    USART1_IRQHandler                        0x08006e4d   Thumb Code    88  usart.o(i.USART1_IRQHandler)
    USART2_IRQHandler                        0x08006eb1   Thumb Code    88  usart2.o(i.USART2_IRQHandler)
    USART3_IRQHandler                        0x08006f19   Thumb Code    88  usart3.o(i.USART3_IRQHandler)
    USART_Cmd                                0x08006f81   Thumb Code    20  stm32f4xx_usart.o(i.USART_Cmd)
    USART_DeInit                             0x08006f95   Thumb Code   138  stm32f4xx_usart.o(i.USART_DeInit)
    USART_GetFlagStatus                      0x08007041   Thumb Code    14  stm32f4xx_usart.o(i.USART_GetFlagStatus)
    USART_GetITStatus                        0x0800704f   Thumb Code    62  stm32f4xx_usart.o(i.USART_GetITStatus)
    USART_ITConfig                           0x0800708d   Thumb Code    48  stm32f4xx_usart.o(i.USART_ITConfig)
    USART_Init                               0x080070bd   Thumb Code   164  stm32f4xx_usart.o(i.USART_Init)
    USART_ReceiveData                        0x08007169   Thumb Code     8  stm32f4xx_usart.o(i.USART_ReceiveData)
    USART_SendData                           0x08007171   Thumb Code     8  stm32f4xx_usart.o(i.USART_SendData)
    Ublox_Cfg_Ack_Check                      0x08007179   Thumb Code    88  gps.o(i.Ublox_Cfg_Ack_Check)
    Ublox_Cfg_Cfg_Save                       0x080071d9   Thumb Code    92  gps.o(i.Ublox_Cfg_Cfg_Save)
    Ublox_Cfg_Prt                            0x08007239   Thumb Code    94  gps.o(i.Ublox_Cfg_Prt)
    Ublox_Cfg_Rate                           0x0800729d   Thumb Code    66  gps.o(i.Ublox_Cfg_Rate)
    Ublox_Cfg_Tp                             0x080072e5   Thumb Code    80  gps.o(i.Ublox_Cfg_Tp)
    Ublox_CheckSum                           0x08007339   Thumb Code    34  gps.o(i.Ublox_CheckSum)
    Ublox_Send_Date                          0x0800735d   Thumb Code    30  gps.o(i.Ublox_Send_Date)
    UsageFault_Handler                       0x08007381   Thumb Code     2  stm32f4xx_it.o(i.UsageFault_Handler)
    __ARM_fpclassify                         0x08007383   Thumb Code    48  fpclassify.o(i.__ARM_fpclassify)
    _is_digit                                0x080073b3   Thumb Code    14  __printf_wp.o(i._is_digit)
    _sys_exit                                0x080073c1   Thumb Code     2  usart.o(i._sys_exit)
    beep_start                               0x080073c5   Thumb Code    44  main.o(i.beep_start)
    delay_init                               0x080073f5   Thumb Code    50  delay.o(i.delay_init)
    delay_ms                                 0x0800742d   Thumb Code    52  delay.o(i.delay_ms)
    delay_us                                 0x08007465   Thumb Code    48  delay.o(i.delay_us)
    fputc                                    0x08007499   Thumb Code    14  usart.o(i.fputc)
    main                                     0x080074ad   Thumb Code   364  main.o(i.main)
    package                                  0x080076d1   Thumb Code    78  main.o(i.package)
    pvPortMalloc                             0x08007f8d   Thumb Code   214  heap_4.o(i.pvPortMalloc)
    pvTaskIncrementMutexHeldCount            0x080080a1   Thumb Code    18  tasks.o(i.pvTaskIncrementMutexHeldCount)
    pxPortInitialiseStack                    0x080080b9   Thumb Code    40  port.o(i.pxPortInitialiseStack)
    start_task                               0x080080e5   Thumb Code    90  main.o(i.start_task)
    uart_init                                0x08008175   Thumb Code   164  usart.o(i.uart_init)
    usart2_init                              0x08008221   Thumb Code   196  usart2.o(i.usart2_init)
    usart3_init                              0x080082f5   Thumb Code   154  usart3.o(i.usart3_init)
    usart3_rece_buff                         0x080083a1   Thumb Code    88  usart3.o(i.usart3_rece_buff)
    usart3_send_buff                         0x08008409   Thumb Code    46  usart3.o(i.usart3_send_buff)
    uxListRemove                             0x0800843d   Thumb Code    36  list.o(i.uxListRemove)
    vListInitialise                          0x08008461   Thumb Code    22  list.o(i.vListInitialise)
    vListInitialiseItem                      0x08008477   Thumb Code     6  list.o(i.vListInitialiseItem)
    vListInsert                              0x0800847d   Thumb Code    48  list.o(i.vListInsert)
    vListInsertEnd                           0x080084ad   Thumb Code    24  list.o(i.vListInsertEnd)
    vPortEnterCritical                       0x080084c5   Thumb Code    50  port.o(i.vPortEnterCritical)
    vPortExitCritical                        0x0800853d   Thumb Code    34  port.o(i.vPortExitCritical)
    vPortFree                                0x080085a1   Thumb Code    94  heap_4.o(i.vPortFree)
    vPortSetupTimerInterrupt                 0x0800863d   Thumb Code    26  port.o(i.vPortSetupTimerInterrupt)
    vPortValidateInterruptPriority           0x0800865d   Thumb Code    70  port.o(i.vPortValidateInterruptPriority)
    vQueueAddToRegistry                      0x080086e9   Thumb Code    32  queue.o(i.vQueueAddToRegistry)
    vQueueWaitForMessageRestricted           0x0800870d   Thumb Code    68  queue.o(i.vQueueWaitForMessageRestricted)
    vTaskDelay                               0x08008751   Thumb Code    62  tasks.o(i.vTaskDelay)
    vTaskDelete                              0x080087bd   Thumb Code   152  tasks.o(i.vTaskDelete)
    vTaskMissedYield                         0x08008889   Thumb Code     8  tasks.o(i.vTaskMissedYield)
    vTaskPlaceOnEventList                    0x08008895   Thumb Code    44  tasks.o(i.vTaskPlaceOnEventList)
    vTaskPlaceOnEventListRestricted          0x080088e9   Thumb Code    52  tasks.o(i.vTaskPlaceOnEventListRestricted)
    vTaskPriorityInherit                     0x08008945   Thumb Code   124  tasks.o(i.vTaskPriorityInherit)
    vTaskSetTimeOutState                     0x080089c9   Thumb Code    30  tasks.o(i.vTaskSetTimeOutState)
    vTaskStartScheduler                      0x08008a11   Thumb Code    96  tasks.o(i.vTaskStartScheduler)
    vTaskSuspendAll                          0x08008aa5   Thumb Code    10  tasks.o(i.vTaskSuspendAll)
    vTaskSwitchContext                       0x08008ab5   Thumb Code    80  tasks.o(i.vTaskSwitchContext)
    xPortStartScheduler                      0x08008b31   Thumb Code   196  port.o(i.xPortStartScheduler)
    xPortSysTickHandler                      0x08008c45   Thumb Code    38  port.o(i.xPortSysTickHandler)
    xQueueGenericCreate                      0x08008c71   Thumb Code    82  queue.o(i.xQueueGenericCreate)
    xQueueGenericReceive                     0x08008ce9   Thumb Code   348  queue.o(i.xQueueGenericReceive)
    xQueueGenericReset                       0x08008e6d   Thumb Code   128  queue.o(i.xQueueGenericReset)
    xQueueGenericSend                        0x08008f15   Thumb Code   350  queue.o(i.xQueueGenericSend)
    xQueueGenericSendFromISR                 0x0800909d   Thumb Code   188  queue.o(i.xQueueGenericSendFromISR)
    xTaskCheckForTimeOut                     0x0800917d   Thumb Code    94  tasks.o(i.xTaskCheckForTimeOut)
    xTaskCreate                              0x08009205   Thumb Code    86  tasks.o(i.xTaskCreate)
    xTaskGetSchedulerState                   0x0800925d   Thumb Code    22  tasks.o(i.xTaskGetSchedulerState)
    xTaskGetTickCount                        0x08009279   Thumb Code     6  tasks.o(i.xTaskGetTickCount)
    xTaskIncrementTick                       0x08009285   Thumb Code   188  tasks.o(i.xTaskIncrementTick)
    xTaskPriorityDisinherit                  0x0800936d   Thumb Code   136  tasks.o(i.xTaskPriorityDisinherit)
    xTaskRemoveFromEventList                 0x08009421   Thumb Code   102  tasks.o(i.xTaskRemoveFromEventList)
    xTaskResumeAll                           0x080094b9   Thumb Code   180  tasks.o(i.xTaskResumeAll)
    xTimerCreate                             0x0800959d   Thumb Code    74  timers.o(i.xTimerCreate)
    xTimerCreateTimerTask                    0x08009611   Thumb Code    58  timers.o(i.xTimerCreateTimerTask)
    xTimerGenericCommand                     0x08009685   Thumb Code    98  timers.o(i.xTimerGenericCommand)
    _get_lc_numeric                          0x08009715   Thumb Code    44  lc_numeric_c.o(locale$$code)
    __aeabi_d2uiz                            0x08009741   Thumb Code     0  dfixu.o(x$fpl$dfixu)
    _dfixu                                   0x08009741   Thumb Code    90  dfixu.o(x$fpl$dfixu)
    __aeabi_ui2d                             0x0800979b   Thumb Code     0  dflt_clz.o(x$fpl$dfltu)
    _dfltu                                   0x0800979b   Thumb Code    38  dflt_clz.o(x$fpl$dfltu)
    __aeabi_dmul                             0x080097c1   Thumb Code     0  dmul.o(x$fpl$dmul)
    _dmul                                    0x080097c1   Thumb Code   332  dmul.o(x$fpl$dmul)
    __fpl_dnaninf                            0x08009915   Thumb Code   156  dnaninf.o(x$fpl$dnaninf)
    __fpl_dretinf                            0x080099b1   Thumb Code    12  dretinf.o(x$fpl$dretinf)
    __aeabi_f2d                              0x080099bd   Thumb Code     0  f2d.o(x$fpl$f2d)
    _f2d                                     0x080099bd   Thumb Code    86  f2d.o(x$fpl$f2d)
    __fpl_fnaninf                            0x08009a13   Thumb Code   140  fnaninf.o(x$fpl$fnaninf)
    _fp_init                                 0x08009a9f   Thumb Code    10  fpinit.o(x$fpl$fpinit)
    __fplib_config_fpu_vfp                   0x08009aa7   Thumb Code     0  fpinit.o(x$fpl$fpinit)
    __fplib_config_pureend_doubles           0x08009aa7   Thumb Code     0  fpinit.o(x$fpl$fpinit)
    _printf_fp_dec                           0x08009aa9   Thumb Code     4  printf1.o(x$fpl$printf1)
    __I$use$fp                               0x08009aac   Number         0  usenofp.o(x$fpl$usenofp)
    asc2_1206                                0x08009aac   Data        1140  lcd.o(.constdata)
    asc2_1608                                0x08009f20   Data        1520  lcd.o(.constdata)
    asc2_2412                                0x0800a510   Data        3420  lcd.o(.constdata)
    TX_ADDRESS                               0x0800b26c   Data           5  24l01.o(.constdata)
    RX_ADDRESS                               0x0800b271   Data           5  24l01.o(.constdata)
    Region$$Table$$Base                      0x0800b344   Number         0  anon$$obj.o(Region$$Table)
    Region$$Table$$Limit                     0x0800b364   Number         0  anon$$obj.o(Region$$Table)
    upload                                   0x20000000   Data           1  main.o(.data)
    i                                        0x20000002   Data           2  main.o(.data)
    rxlen                                    0x20000004   Data           2  main.o(.data)
    StartTask_Handler                        0x20000008   Data           4  main.o(.data)
    NRF_Task_Handler                         0x2000000c   Data           4  main.o(.data)
    GPSTask_Handler                          0x20000010   Data           4  main.o(.data)
    MQTTTask_Handler                         0x20000014   Data           4  main.o(.data)
    str1                                     0x20000018   Data           5  main.o(.data)
    str2                                     0x2000001d   Data           5  main.o(.data)
    str3                                     0x20000022   Data           5  main.o(.data)
    str4                                     0x20000027   Data           5  main.o(.data)
    strte                                    0x2000002c   Data          35  main.o(.data)
    SystemCoreClock                          0x20000050   Data           4  system_stm32f4xx.o(.data)
    AHBPrescTable                            0x20000054   Data          16  system_stm32f4xx.o(.data)
    POINT_COLOR                              0x20000064   Data           2  lcd.o(.data)
    BACK_COLOR                               0x20000066   Data           2  lcd.o(.data)
    USART3_RX_STA                            0x20000068   Data           2  usart3.o(.data)
    USART2_RX_STA                            0x2000006a   Data           2  usart2.o(.data)
    USART_RX_STA                             0x20000070   Data           2  usart.o(.data)
    __stdout                                 0x20000074   Data           4  usart.o(.data)
    pxCurrentTCB                             0x20000088   Data           4  tasks.o(.data)
    USART1_TX_BUF                            0x200000fc   Data         800  main.o(.bss)
    gpsx                                     0x2000041c   Data         105  main.o(.bss)
    dtbuf                                    0x20000488   Data          50  main.o(.bss)
    str5                                     0x200004ba   Data          30  main.o(.bss)
    str6                                     0x200004d8   Data          30  main.o(.bss)
    perstr                                   0x200004f6   Data         100  main.o(.bss)
    tmp_buf                                  0x2000055a   Data          33  main.o(.bss)
    lcddev                                   0x2000057c   Data          14  lcd.o(.bss)
    USART3_RX_BUF                            0x2000058a   Data         800  usart3.o(.bss)
    USART2_TX_BUF                            0x200008b0   Data         800  usart2.o(.bss)
    USART2_RX_BUF                            0x20000bd0   Data         800  usart2.o(.bss)
    USART_RX_BUF                             0x20000ef0   Data         200  usart.o(.bss)
    xQueueRegistry                           0x20000fb8   Data          64  queue.o(.bss)
    __libspace_start                         0x20006304   Data          96  libspace.o(.bss)
    __temporary_stack_top$libspace           0x20006364   Data           0  libspace.o(.bss)



==============================================================================

Memory Map of the image

  Image Entry point : 0x08000189

  Load Region LR_IROM1 (Base: 0x08000000, Size: 0x0000b47c, Max: 0x00100000, ABSOLUTE)

    Execution Region ER_IROM1 (Base: 0x08000000, Size: 0x0000b380, Max: 0x00100000, ABSOLUTE)

    Base Addr    Size         Type   Attr      Idx    E Section Name        Object

    0x08000000   0x00000188   Data   RO         1429    RESET               startup_stm32f40_41xxx.o
    0x08000188   0x00000008   Code   RO         4181  * !!!main             c_w.l(__main.o)
    0x08000190   0x00000034   Code   RO         4502    !!!scatter          c_w.l(__scatter.o)
    0x080001c4   0x0000001a   Code   RO         4504    !!handler_copy      c_w.l(__scatter_copy.o)
    0x080001de   0x00000002   PAD
    0x080001e0   0x0000001c   Code   RO         4506    !!handler_zi        c_w.l(__scatter_zi.o)
    0x080001fc   0x00000000   Code   RO         4156    .ARM.Collect$$_printf_percent$$00000000  c_w.l(_printf_percent.o)
    0x080001fc   0x00000006   Code   RO         4155    .ARM.Collect$$_printf_percent$$00000003  c_w.l(_printf_f.o)
    0x08000202   0x00000006   Code   RO         4153    .ARM.Collect$$_printf_percent$$00000009  c_w.l(_printf_d.o)
    0x08000208   0x00000006   Code   RO         4152    .ARM.Collect$$_printf_percent$$0000000C  c_w.l(_printf_x.o)
    0x0800020e   0x00000006   Code   RO         4151    .ARM.Collect$$_printf_percent$$00000014  c_w.l(_printf_s.o)
    0x08000214   0x00000004   Code   RO         4263    .ARM.Collect$$_printf_percent$$00000017  c_w.l(_printf_percent_end.o)
    0x08000218   0x00000002   Code   RO         4443    .ARM.Collect$$libinit$$00000000  c_w.l(libinit.o)
    0x0800021a   0x00000004   Code   RO         4277    .ARM.Collect$$libinit$$00000001  c_w.l(libinit2.o)
    0x0800021e   0x00000000   Code   RO         4280    .ARM.Collect$$libinit$$00000004  c_w.l(libinit2.o)
    0x0800021e   0x00000000   Code   RO         4283    .ARM.Collect$$libinit$$0000000A  c_w.l(libinit2.o)
    0x0800021e   0x00000000   Code   RO         4285    .ARM.Collect$$libinit$$0000000C  c_w.l(libinit2.o)
    0x0800021e   0x00000000   Code   RO         4287    .ARM.Collect$$libinit$$0000000E  c_w.l(libinit2.o)
    0x0800021e   0x00000006   Code   RO         4288    .ARM.Collect$$libinit$$0000000F  c_w.l(libinit2.o)
    0x08000224   0x00000000   Code   RO         4290    .ARM.Collect$$libinit$$00000011  c_w.l(libinit2.o)
    0x08000224   0x00000000   Code   RO         4292    .ARM.Collect$$libinit$$00000013  c_w.l(libinit2.o)
    0x08000224   0x00000000   Code   RO         4294    .ARM.Collect$$libinit$$00000015  c_w.l(libinit2.o)
    0x08000224   0x0000000a   Code   RO         4295    .ARM.Collect$$libinit$$00000016  c_w.l(libinit2.o)
    0x0800022e   0x00000000   Code   RO         4296    .ARM.Collect$$libinit$$00000017  c_w.l(libinit2.o)
    0x0800022e   0x00000000   Code   RO         4298    .ARM.Collect$$libinit$$00000019  c_w.l(libinit2.o)
    0x0800022e   0x00000000   Code   RO         4300    .ARM.Collect$$libinit$$0000001B  c_w.l(libinit2.o)
    0x0800022e   0x00000000   Code   RO         4302    .ARM.Collect$$libinit$$0000001D  c_w.l(libinit2.o)
    0x0800022e   0x00000000   Code   RO         4304    .ARM.Collect$$libinit$$0000001F  c_w.l(libinit2.o)
    0x0800022e   0x00000000   Code   RO         4306    .ARM.Collect$$libinit$$00000021  c_w.l(libinit2.o)
    0x0800022e   0x00000000   Code   RO         4308    .ARM.Collect$$libinit$$00000023  c_w.l(libinit2.o)
    0x0800022e   0x00000000   Code   RO         4310    .ARM.Collect$$libinit$$00000025  c_w.l(libinit2.o)
    0x0800022e   0x00000000   Code   RO         4314    .ARM.Collect$$libinit$$0000002C  c_w.l(libinit2.o)
    0x0800022e   0x00000000   Code   RO         4316    .ARM.Collect$$libinit$$0000002E  c_w.l(libinit2.o)
    0x0800022e   0x00000000   Code   RO         4318    .ARM.Collect$$libinit$$00000030  c_w.l(libinit2.o)
    0x0800022e   0x00000000   Code   RO         4320    .ARM.Collect$$libinit$$00000032  c_w.l(libinit2.o)
    0x0800022e   0x00000002   Code   RO         4321    .ARM.Collect$$libinit$$00000033  c_w.l(libinit2.o)
    0x08000230   0x00000002   Code   RO         4499    .ARM.Collect$$libshutdown$$00000000  c_w.l(libshutdown.o)
    0x08000232   0x00000000   Code   RO         4459    .ARM.Collect$$libshutdown$$00000003  c_w.l(libshutdown2.o)
    0x08000232   0x00000000   Code   RO         4462    .ARM.Collect$$libshutdown$$00000006  c_w.l(libshutdown2.o)
    0x08000232   0x00000000   Code   RO         4465    .ARM.Collect$$libshutdown$$00000009  c_w.l(libshutdown2.o)
    0x08000232   0x00000000   Code   RO         4467    .ARM.Collect$$libshutdown$$0000000B  c_w.l(libshutdown2.o)
    0x08000232   0x00000000   Code   RO         4470    .ARM.Collect$$libshutdown$$0000000E  c_w.l(libshutdown2.o)
    0x08000232   0x00000002   Code   RO         4471    .ARM.Collect$$libshutdown$$0000000F  c_w.l(libshutdown2.o)
    0x08000234   0x00000000   Code   RO         4203    .ARM.Collect$$rtentry$$00000000  c_w.l(__rtentry.o)
    0x08000234   0x00000000   Code   RO         4335    .ARM.Collect$$rtentry$$00000002  c_w.l(__rtentry2.o)
    0x08000234   0x00000006   Code   RO         4347    .ARM.Collect$$rtentry$$00000004  c_w.l(__rtentry4.o)
    0x0800023a   0x00000000   Code   RO         4337    .ARM.Collect$$rtentry$$00000009  c_w.l(__rtentry2.o)
    0x0800023a   0x00000004   Code   RO         4338    .ARM.Collect$$rtentry$$0000000A  c_w.l(__rtentry2.o)
    0x0800023e   0x00000000   Code   RO         4340    .ARM.Collect$$rtentry$$0000000C  c_w.l(__rtentry2.o)
    0x0800023e   0x00000008   Code   RO         4341    .ARM.Collect$$rtentry$$0000000D  c_w.l(__rtentry2.o)
    0x08000246   0x00000002   Code   RO         4444    .ARM.Collect$$rtexit$$00000000  c_w.l(rtexit.o)
    0x08000248   0x00000000   Code   RO         4473    .ARM.Collect$$rtexit$$00000002  c_w.l(rtexit2.o)
    0x08000248   0x00000004   Code   RO         4474    .ARM.Collect$$rtexit$$00000003  c_w.l(rtexit2.o)
    0x0800024c   0x00000006   Code   RO         4475    .ARM.Collect$$rtexit$$00000004  c_w.l(rtexit2.o)
    0x08000252   0x00000002   PAD
    0x08000254   0x000000b6   Code   RO         3885    .emb_text           port.o
    0x0800030a   0x00000002   PAD
    0x0800030c   0x00000040   Code   RO         1430    .text               startup_stm32f40_41xxx.o
    0x0800034c   0x00000002   Code   RO         4027    .text               c_w.l(use_no_semi_2.o)
    0x0800034e   0x00000002   PAD
    0x08000350   0x00000018   Code   RO         4093    .text               c_w.l(__2printf.o)
    0x08000368   0x0000002c   Code   RO         4095    .text               c_w.l(__2sprintf.o)
    0x08000394   0x0000004e   Code   RO         4103    .text               c_w.l(_printf_pad.o)
    0x080003e2   0x00000052   Code   RO         4105    .text               c_w.l(_printf_str.o)
    0x08000434   0x00000078   Code   RO         4107    .text               c_w.l(_printf_dec.o)
    0x080004ac   0x00000094   Code   RO         4127    .text               c_w.l(_printf_hex_int_ll_ptr.o)
    0x08000540   0x00000188   Code   RO         4147    .text               c_w.l(__printf_flags_ss_wp.o)
    0x080006c8   0x00000024   Code   RO         4161    .text               c_w.l(strstr.o)
    0x080006ec   0x00000048   Code   RO         4163    .text               c_w.l(strcpy.o)
    0x08000734   0x0000003e   Code   RO         4165    .text               c_w.l(strlen.o)
    0x08000772   0x0000008a   Code   RO         4169    .text               c_w.l(rt_memcpy_v6.o)
    0x080007fc   0x00000010   Code   RO         4171    .text               c_w.l(aeabi_memset.o)
    0x0800080c   0x00000044   Code   RO         4173    .text               c_w.l(rt_memclr.o)
    0x08000850   0x0000004e   Code   RO         4175    .text               c_w.l(rt_memclr_w.o)
    0x0800089e   0x00000002   PAD
    0x080008a0   0x00000080   Code   RO         4177    .text               c_w.l(strcmpv7m.o)
    0x08000920   0x00000006   Code   RO         4179    .text               c_w.l(heapauxi.o)
    0x08000926   0x00000002   Code   RO         4199    .text               c_w.l(use_no_semi.o)
    0x08000928   0x000000b2   Code   RO         4231    .text               c_w.l(_printf_intcommon.o)
    0x080009da   0x0000041a   Code   RO         4235    .text               c_w.l(_printf_fp_dec.o)
    0x08000df4   0x00000030   Code   RO         4237    .text               c_w.l(_printf_char_common.o)
    0x08000e24   0x0000000a   Code   RO         4239    .text               c_w.l(_sputc.o)
    0x08000e2e   0x0000002c   Code   RO         4241    .text               c_w.l(_printf_char.o)
    0x08000e5a   0x00000002   PAD
    0x08000e5c   0x00000024   Code   RO         4243    .text               c_w.l(_printf_char_file.o)
    0x08000e80   0x00000064   Code   RO         4273    .text               c_w.l(rt_memcpy_w.o)
    0x08000ee4   0x00000008   Code   RO         4331    .text               c_w.l(libspace.o)
    0x08000eec   0x00000008   Code   RO         4352    .text               c_w.l(rt_locale_intlibspace.o)
    0x08000ef4   0x0000008a   Code   RO         4362    .text               c_w.l(lludiv10.o)
    0x08000f7e   0x00000002   PAD
    0x08000f80   0x00000080   Code   RO         4364    .text               c_w.l(_printf_fp_infnan.o)
    0x08001000   0x000000dc   Code   RO         4370    .text               c_w.l(bigflt0.o)
    0x080010dc   0x00000008   Code   RO         4395    .text               c_w.l(ferror.o)
    0x080010e4   0x0000004a   Code   RO         4420    .text               c_w.l(sys_stackheap_outer.o)
    0x0800112e   0x0000000c   Code   RO         4428    .text               c_w.l(exit.o)
    0x0800113a   0x0000003e   Code   RO         4373    CL$$btod_d2e        c_w.l(btod.o)
    0x08001178   0x00000046   Code   RO         4375    CL$$btod_d2e_denorm_low  c_w.l(btod.o)
    0x080011be   0x00000060   Code   RO         4374    CL$$btod_d2e_norm_op1  c_w.l(btod.o)
    0x0800121e   0x00000338   Code   RO         4383    CL$$btod_div_common  c_w.l(btod.o)
    0x08001556   0x000000c6   Code   RO         4380    CL$$btod_e2e        c_w.l(btod.o)
    0x0800161c   0x00000028   Code   RO         4377    CL$$btod_ediv       c_w.l(btod.o)
    0x08001644   0x00000028   Code   RO         4376    CL$$btod_emul       c_w.l(btod.o)
    0x0800166c   0x00000244   Code   RO         4382    CL$$btod_mult_common  c_w.l(btod.o)
    0x080018b0   0x00000002   Code   RO          262    i.BusFault_Handler  stm32f4xx_it.o
    0x080018b2   0x00000002   Code   RO          263    i.DebugMon_Handler  stm32f4xx_it.o
    0x080018b4   0x00000034   Code   RO         1020    i.ESP8266_SendCmd   esp8266.o
    0x080018e8   0x00000048   Code   RO         1022    i.ESP8266_init      esp8266.o
    0x08001930   0x00000020   Code   RO         2714    i.FSMC_NORSRAMCmd   stm32f4xx_fsmc.o
    0x08001950   0x000000c8   Code   RO         2716    i.FSMC_NORSRAMInit  stm32f4xx_fsmc.o
    0x08001a18   0x00000078   Code   RO         1481    i.GPIO_Init         stm32f4xx_gpio.o
    0x08001a90   0x00000020   Code   RO         1482    i.GPIO_PinAFConfig  stm32f4xx_gpio.o
    0x08001ab0   0x00000004   Code   RO         1489    i.GPIO_SetBits      stm32f4xx_gpio.o
    0x08001ab4   0x0000002e   Code   RO          824    i.GPS_Analysis      gps.o
    0x08001ae2   0x00000002   PAD
    0x08001ae4   0x00000078   Code   RO            3    i.GPS_task_t        main.o
    0x08001b5c   0x00000140   Code   RO            4    i.Gps_Msg_Show      main.o
    0x08001c9c   0x00000002   Code   RO          264    i.HardFault_Handler  stm32f4xx_it.o
    0x08001c9e   0x00000002   PAD
    0x08001ca0   0x0000006c   Code   RO          426    i.LCD_Clear         lcd.o
    0x08001d0c   0x00000134   Code   RO          430    i.LCD_Display_Dir   lcd.o
    0x08001e40   0x00000110   Code   RO          435    i.LCD_Fast_DrawPoint  lcd.o
    0x08001f50   0x0000008c   Code   RO          436    i.LCD_Fill          lcd.o
    0x08001fdc   0x0000370e   Code   RO          437    i.LCD_Init          lcd.o
    0x080056ea   0x00000010   Code   RO          438    i.LCD_Pow           lcd.o
    0x080056fa   0x00000014   Code   RO          439    i.LCD_RD_DATA       lcd.o
    0x0800570e   0x00000014   Code   RO          441    i.LCD_ReadReg       lcd.o
    0x08005722   0x00000002   PAD
    0x08005724   0x00000050   Code   RO          442    i.LCD_SSD_BackLightSet  lcd.o
    0x08005774   0x00000204   Code   RO          443    i.LCD_Scan_Dir      lcd.o
    0x08005978   0x00000150   Code   RO          444    i.LCD_SetCursor     lcd.o
    0x08005ac8   0x000000cc   Code   RO          446    i.LCD_ShowChar      lcd.o
    0x08005b94   0x00000076   Code   RO          447    i.LCD_ShowNum       lcd.o
    0x08005c0a   0x00000054   Code   RO          448    i.LCD_ShowString    lcd.o
    0x08005c5e   0x00000018   Code   RO          450    i.LCD_WR_DATA       lcd.o
    0x08005c76   0x00000018   Code   RO          451    i.LCD_WR_REG        lcd.o
    0x08005c8e   0x00000002   PAD
    0x08005c90   0x00000014   Code   RO          453    i.LCD_WriteRAM_Prepare  lcd.o
    0x08005ca4   0x0000000c   Code   RO          454    i.LCD_WriteReg      lcd.o
    0x08005cb0   0x00000040   Code   RO          378    i.LED_Init          led.o
    0x08005cf0   0x000000ac   Code   RO         1024    i.MQTT_Publish      esp8266.o
    0x08005d9c   0x0000009c   Code   RO            5    i.MQTT_TEST_t       main.o
    0x08005e38   0x00000002   Code   RO          265    i.MemManage_Handler  stm32f4xx_it.o
    0x08005e3a   0x0000002a   Code   RO          825    i.NMEA_Comma_Pos    gps.o
    0x08005e64   0x00000060   Code   RO          826    i.NMEA_GPGGA_Analysis  gps.o
    0x08005ec4   0x000000a0   Code   RO          827    i.NMEA_GPGSA_Analysis  gps.o
    0x08005f64   0x000000e8   Code   RO          828    i.NMEA_GPGSV_Analysis  gps.o
    0x0800604c   0x000001f4   Code   RO          829    i.NMEA_GPRMC_Analysis  gps.o
    0x08006240   0x0000004c   Code   RO          830    i.NMEA_GPVTG_Analysis  gps.o
    0x0800628c   0x00000010   Code   RO          831    i.NMEA_Pow          gps.o
    0x0800629c   0x000000c0   Code   RO          832    i.NMEA_Str2num      gps.o
    0x0800635c   0x00000002   Code   RO          266    i.NMI_Handler       stm32f4xx_it.o
    0x0800635e   0x00000002   PAD
    0x08006360   0x00000090   Code   RO          635    i.NRF24L01_Init     24l01.o
    0x080063f0   0x00000058   Code   RO          636    i.NRF24L01_RX_Mode  24l01.o
    0x08006448   0x0000003c   Code   RO          637    i.NRF24L01_Read_Buf  24l01.o
    0x08006484   0x00000024   Code   RO          638    i.NRF24L01_Read_Reg  24l01.o
    0x080064a8   0x00000038   Code   RO          639    i.NRF24L01_RxPacket  24l01.o
    0x080064e0   0x00000058   Code   RO          640    i.NRF24L01_SPI_Init  24l01.o
    0x08006538   0x0000003c   Code   RO          643    i.NRF24L01_Write_Buf  24l01.o
    0x08006574   0x0000002c   Code   RO          644    i.NRF24L01_Write_Reg  24l01.o
    0x080065a0   0x00000274   Code   RO            6    i.NRF_task_t        main.o
    0x08006814   0x00000064   Code   RO         1436    i.NVIC_Init         misc.o
    0x08006878   0x00000014   Code   RO         1437    i.NVIC_PriorityGroupConfig  misc.o
    0x0800688c   0x00000018   Code   RO         1578    i.RCC_AHB1PeriphClockCmd  stm32f4xx_rcc.o
    0x080068a4   0x00000018   Code   RO         1584    i.RCC_AHB3PeriphClockCmd  stm32f4xx_rcc.o
    0x080068bc   0x00000018   Code   RO         1587    i.RCC_APB1PeriphClockCmd  stm32f4xx_rcc.o
    0x080068d4   0x00000018   Code   RO         1589    i.RCC_APB1PeriphResetCmd  stm32f4xx_rcc.o
    0x080068ec   0x00000018   Code   RO         1590    i.RCC_APB2PeriphClockCmd  stm32f4xx_rcc.o
    0x08006904   0x00000018   Code   RO         1592    i.RCC_APB2PeriphResetCmd  stm32f4xx_rcc.o
    0x0800691c   0x00000090   Code   RO         1599    i.RCC_GetClocksFreq  stm32f4xx_rcc.o
    0x080069ac   0x000000c4   Code   RO          719    i.SPI1_Init         spi.o
    0x08006a70   0x00000034   Code   RO          720    i.SPI1_ReadWriteByte  spi.o
    0x08006aa4   0x0000001c   Code   RO          721    i.SPI1_SetSpeed     spi.o
    0x08006ac0   0x00000014   Code   RO         2840    i.SPI_Cmd           stm32f4xx_spi.o
    0x08006ad4   0x0000000e   Code   RO         2848    i.SPI_I2S_GetFlagStatus  stm32f4xx_spi.o
    0x08006ae2   0x00000004   Code   RO         2851    i.SPI_I2S_ReceiveData  stm32f4xx_spi.o
    0x08006ae6   0x00000004   Code   RO         2852    i.SPI_I2S_SendData  stm32f4xx_spi.o
    0x08006aea   0x00000038   Code   RO         2853    i.SPI_Init          stm32f4xx_spi.o
    0x08006b22   0x00000002   PAD
    0x08006b24   0x000000b4   Code   RO          341    i.SetSysClock       system_stm32f4xx.o
    0x08006bd8   0x00000018   Code   RO         1440    i.SysTick_CLKSourceConfig  misc.o
    0x08006bf0   0x00000014   Code   RO         1293    i.SysTick_Handler   delay.o
    0x08006c04   0x0000005c   Code   RO          343    i.SystemInit        system_stm32f4xx.o
    0x08006c60   0x00000038   Code   RO          943    i.TIM3_IRQHandler   timer3.o
    0x08006c98   0x0000005c   Code   RO          944    i.TIM3_Int_Init     timer3.o
    0x08006cf4   0x00000038   Code   RO          398    i.TIM7_IRQHandler   timer.o
    0x08006d2c   0x0000005c   Code   RO          399    i.TIM7_Int_Init     timer.o
    0x08006d88   0x00000006   Code   RO         2165    i.TIM_ClearITPendingBit  stm32f4xx_tim.o
    0x08006d8e   0x00000014   Code   RO         2170    i.TIM_Cmd           stm32f4xx_tim.o
    0x08006da2   0x00000018   Code   RO         2191    i.TIM_GetITStatus   stm32f4xx_tim.o
    0x08006dba   0x00000010   Code   RO         2195    i.TIM_ITConfig      stm32f4xx_tim.o
    0x08006dca   0x00000004   Code   RO         2236    i.TIM_SetCounter    stm32f4xx_tim.o
    0x08006dce   0x00000002   PAD
    0x08006dd0   0x0000007c   Code   RO         2242    i.TIM_TimeBaseInit  stm32f4xx_tim.o
    0x08006e4c   0x00000064   Code   RO         1367    i.USART1_IRQHandler  usart.o
    0x08006eb0   0x00000068   Code   RO          973    i.USART2_IRQHandler  usart2.o
    0x08006f18   0x00000068   Code   RO          751    i.USART3_IRQHandler  usart3.o
    0x08006f80   0x00000014   Code   RO         1972    i.USART_Cmd         stm32f4xx_usart.o
    0x08006f94   0x000000ac   Code   RO         1974    i.USART_DeInit      stm32f4xx_usart.o
    0x08007040   0x0000000e   Code   RO         1975    i.USART_GetFlagStatus  stm32f4xx_usart.o
    0x0800704e   0x0000003e   Code   RO         1976    i.USART_GetITStatus  stm32f4xx_usart.o
    0x0800708c   0x00000030   Code   RO         1978    i.USART_ITConfig    stm32f4xx_usart.o
    0x080070bc   0x000000ac   Code   RO         1979    i.USART_Init        stm32f4xx_usart.o
    0x08007168   0x00000008   Code   RO         1986    i.USART_ReceiveData  stm32f4xx_usart.o
    0x08007170   0x00000008   Code   RO         1989    i.USART_SendData    stm32f4xx_usart.o
    0x08007178   0x00000060   Code   RO          833    i.Ublox_Cfg_Ack_Check  gps.o
    0x080071d8   0x00000060   Code   RO          834    i.Ublox_Cfg_Cfg_Save  gps.o
    0x08007238   0x00000064   Code   RO          836    i.Ublox_Cfg_Prt     gps.o
    0x0800729c   0x00000048   Code   RO          837    i.Ublox_Cfg_Rate    gps.o
    0x080072e4   0x00000054   Code   RO          838    i.Ublox_Cfg_Tp      gps.o
    0x08007338   0x00000022   Code   RO          839    i.Ublox_CheckSum    gps.o
    0x0800735a   0x00000002   PAD
    0x0800735c   0x00000024   Code   RO          840    i.Ublox_Send_Date   gps.o
    0x08007380   0x00000002   Code   RO          267    i.UsageFault_Handler  stm32f4xx_it.o
    0x08007382   0x00000030   Code   RO         4417    i.__ARM_fpclassify  m_wm.l(fpclassify.o)
    0x080073b2   0x0000000e   Code   RO         4140    i._is_digit         c_w.l(__printf_wp.o)
    0x080073c0   0x00000002   Code   RO         1368    i._sys_exit         usart.o
    0x080073c2   0x00000002   PAD
    0x080073c4   0x00000030   Code   RO            7    i.beep_start        main.o
    0x080073f4   0x00000038   Code   RO         1294    i.delay_init        delay.o
    0x0800742c   0x00000038   Code   RO         1295    i.delay_ms          delay.o
    0x08007464   0x00000034   Code   RO         1296    i.delay_us          delay.o
    0x08007498   0x00000014   Code   RO         1370    i.fputc             usart.o
    0x080074ac   0x00000224   Code   RO            8    i.main              main.o
    0x080076d0   0x00000058   Code   RO            9    i.package           main.o
    0x08007728   0x00000070   Code   RO         3404    i.prvAddCurrentTaskToDelayedList  tasks.o
    0x08007798   0x000000d0   Code   RO         3405    i.prvAddNewTaskToReadyList  tasks.o
    0x08007868   0x00000050   Code   RO         3757    i.prvCheckForValidListAndQueue  timers.o
    0x080078b8   0x00000054   Code   RO         3406    i.prvCheckTasksWaitingTermination  tasks.o
    0x0800790c   0x00000026   Code   RO         3175    i.prvCopyDataFromQueue  queue.o
    0x08007932   0x0000006c   Code   RO         3176    i.prvCopyDataToQueue  queue.o
    0x0800799e   0x00000014   Code   RO         3407    i.prvDeleteTCB      tasks.o
    0x080079b2   0x00000002   PAD
    0x080079b4   0x0000004c   Code   RO         3970    i.prvHeapInit       heap_4.o
    0x08007a00   0x00000028   Code   RO         3408    i.prvIdleTask       tasks.o
    0x08007a28   0x000000c0   Code   RO         3409    i.prvInitialiseNewTask  tasks.o
    0x08007ae8   0x0000004c   Code   RO         3971    i.prvInsertBlockIntoFreeList  heap_4.o
    0x08007b34   0x00000038   Code   RO         3758    i.prvInsertTimerInActiveList  timers.o
    0x08007b6c   0x0000001a   Code   RO         3177    i.prvIsQueueEmpty   queue.o
    0x08007b86   0x00000002   PAD
    0x08007b88   0x00000090   Code   RO         3178    i.prvNotifyQueueSetContainer  queue.o
    0x08007c18   0x00000060   Code   RO         3759    i.prvProcessExpiredTimer  timers.o
    0x08007c78   0x000000f0   Code   RO         3760    i.prvProcessReceivedCommands  timers.o
    0x08007d68   0x0000006c   Code   RO         3761    i.prvProcessTimerOrBlockTask  timers.o
    0x08007dd4   0x00000020   Code   RO         3411    i.prvResetNextTaskUnblockTime  tasks.o
    0x08007df4   0x00000028   Code   RO         3762    i.prvSampleTimeNow  timers.o
    0x08007e1c   0x0000006c   Code   RO         3763    i.prvSwitchTimerLists  timers.o
    0x08007e88   0x00000064   Code   RO         3886    i.prvTaskExitError  port.o
    0x08007eec   0x00000028   Code   RO         3764    i.prvTimerTask      timers.o
    0x08007f14   0x00000078   Code   RO         3179    i.prvUnlockQueue    queue.o
    0x08007f8c   0x00000114   Code   RO         3972    i.pvPortMalloc      heap_4.o
    0x080080a0   0x00000018   Code   RO         3413    i.pvTaskIncrementMutexHeldCount  tasks.o
    0x080080b8   0x0000002c   Code   RO         3887    i.pxPortInitialiseStack  port.o
    0x080080e4   0x00000090   Code   RO           10    i.start_task        main.o
    0x08008174   0x000000ac   Code   RO         1371    i.uart_init         usart.o
    0x08008220   0x000000d4   Code   RO          975    i.usart2_init       usart2.o
    0x080082f4   0x000000ac   Code   RO          752    i.usart3_init       usart3.o
    0x080083a0   0x00000068   Code   RO          753    i.usart3_rece_buff  usart3.o
    0x08008408   0x00000034   Code   RO          754    i.usart3_send_buff  usart3.o
    0x0800843c   0x00000024   Code   RO         3130    i.uxListRemove      list.o
    0x08008460   0x00000016   Code   RO         3131    i.vListInitialise   list.o
    0x08008476   0x00000006   Code   RO         3132    i.vListInitialiseItem  list.o
    0x0800847c   0x00000030   Code   RO         3133    i.vListInsert       list.o
    0x080084ac   0x00000018   Code   RO         3134    i.vListInsertEnd    list.o
    0x080084c4   0x00000078   Code   RO         3889    i.vPortEnterCritical  port.o
    0x0800853c   0x00000064   Code   RO         3890    i.vPortExitCritical  port.o
    0x080085a0   0x0000009c   Code   RO         3973    i.vPortFree         heap_4.o
    0x0800863c   0x00000020   Code   RO         3891    i.vPortSetupTimerInterrupt  port.o
    0x0800865c   0x0000008c   Code   RO         3892    i.vPortValidateInterruptPriority  port.o
    0x080086e8   0x00000024   Code   RO         3185    i.vQueueAddToRegistry  queue.o
    0x0800870c   0x00000044   Code   RO         3189    i.vQueueWaitForMessageRestricted  queue.o
    0x08008750   0x0000006c   Code   RO         3421    i.vTaskDelay        tasks.o
    0x080087bc   0x000000cc   Code   RO         3423    i.vTaskDelete       tasks.o
    0x08008888   0x0000000c   Code   RO         3427    i.vTaskMissedYield  tasks.o
    0x08008894   0x00000054   Code   RO         3429    i.vTaskPlaceOnEventList  tasks.o
    0x080088e8   0x0000005c   Code   RO         3430    i.vTaskPlaceOnEventListRestricted  tasks.o
    0x08008944   0x00000084   Code   RO         3432    i.vTaskPriorityInherit  tasks.o
    0x080089c8   0x00000048   Code   RO         3436    i.vTaskSetTimeOutState  tasks.o
    0x08008a10   0x00000094   Code   RO         3437    i.vTaskStartScheduler  tasks.o
    0x08008aa4   0x00000010   Code   RO         3439    i.vTaskSuspendAll   tasks.o
    0x08008ab4   0x0000007c   Code   RO         3440    i.vTaskSwitchContext  tasks.o
    0x08008b30   0x00000114   Code   RO         3893    i.xPortStartScheduler  port.o
    0x08008c44   0x0000002c   Code   RO         3894    i.xPortSysTickHandler  port.o
    0x08008c70   0x00000078   Code   RO         3194    i.xQueueGenericCreate  queue.o
    0x08008ce8   0x00000184   Code   RO         3195    i.xQueueGenericReceive  queue.o
    0x08008e6c   0x000000a8   Code   RO         3196    i.xQueueGenericReset  queue.o
    0x08008f14   0x00000188   Code   RO         3197    i.xQueueGenericSend  queue.o
    0x0800909c   0x000000e0   Code   RO         3198    i.xQueueGenericSendFromISR  queue.o
    0x0800917c   0x00000088   Code   RO         3441    i.xTaskCheckForTimeOut  tasks.o
    0x08009204   0x00000056   Code   RO         3442    i.xTaskCreate       tasks.o
    0x0800925a   0x00000002   PAD
    0x0800925c   0x0000001c   Code   RO         3446    i.xTaskGetSchedulerState  tasks.o
    0x08009278   0x0000000c   Code   RO         3447    i.xTaskGetTickCount  tasks.o
    0x08009284   0x000000e8   Code   RO         3449    i.xTaskIncrementTick  tasks.o
    0x0800936c   0x000000b4   Code   RO         3452    i.xTaskPriorityDisinherit  tasks.o
    0x08009420   0x00000098   Code   RO         3453    i.xTaskRemoveFromEventList  tasks.o
    0x080094b8   0x000000e4   Code   RO         3455    i.xTaskResumeAll    tasks.o
    0x0800959c   0x00000074   Code   RO         3767    i.xTimerCreate      timers.o
    0x08009610   0x00000074   Code   RO         3768    i.xTimerCreateTimerTask  timers.o
    0x08009684   0x00000090   Code   RO         3769    i.xTimerGenericCommand  timers.o
    0x08009714   0x0000002c   Code   RO         4402    locale$$code        c_w.l(lc_numeric_c.o)
    0x08009740   0x0000005a   Code   RO         4183    x$fpl$dfixu         fz_wm.l(dfixu.o)
    0x0800979a   0x00000026   Code   RO         4187    x$fpl$dfltu         fz_wm.l(dflt_clz.o)
    0x080097c0   0x00000154   Code   RO         4193    x$fpl$dmul          fz_wm.l(dmul.o)
    0x08009914   0x0000009c   Code   RO         4322    x$fpl$dnaninf       fz_wm.l(dnaninf.o)
    0x080099b0   0x0000000c   Code   RO         4324    x$fpl$dretinf       fz_wm.l(dretinf.o)
    0x080099bc   0x00000056   Code   RO         4195    x$fpl$f2d           fz_wm.l(f2d.o)
    0x08009a12   0x0000008c   Code   RO         4326    x$fpl$fnaninf       fz_wm.l(fnaninf.o)
    0x08009a9e   0x0000000a   Code   RO         4413    x$fpl$fpinit        fz_wm.l(fpinit.o)
    0x08009aa8   0x00000004   Code   RO         4197    x$fpl$printf1       fz_wm.l(printf1.o)
    0x08009aac   0x00000000   Code   RO         4328    x$fpl$usenofp       fz_wm.l(usenofp.o)
    0x08009aac   0x000017c0   Data   RO          457    .constdata          lcd.o
    0x0800b26c   0x0000000a   Data   RO          645    .constdata          24l01.o
    0x0800b276   0x00000028   Data   RO         4128    .constdata          c_w.l(_printf_hex_int_ll_ptr.o)
    0x0800b29e   0x00000011   Data   RO         4148    .constdata          c_w.l(__printf_flags_ss_wp.o)
    0x0800b2af   0x00000001   PAD
    0x0800b2b0   0x00000094   Data   RO         4371    .constdata          c_w.l(bigflt0.o)
    0x0800b344   0x00000020   Data   RO         4500    Region$$Table       anon$$obj.o
    0x0800b364   0x0000001c   Data   RO         4401    locale$$data        c_w.l(lc_numeric_c.o)


    Execution Region RW_IRAM1 (Base: 0x20000000, Size: 0x00006968, Max: 0x00020000, ABSOLUTE)

    Base Addr    Size         Type   Attr      Idx    E Section Name        Object

    0x20000000   0x0000004f   Data   RW           15    .data               main.o
    0x2000004f   0x00000001   PAD
    0x20000050   0x00000014   Data   RW          344    .data               system_stm32f4xx.o
    0x20000064   0x00000004   Data   RW          458    .data               lcd.o
    0x20000068   0x00000002   Data   RW          756    .data               usart3.o
    0x2000006a   0x00000002   Data   RW          977    .data               usart2.o
    0x2000006c   0x00000004   Data   RW         1298    .data               delay.o
    0x20000070   0x00000002   Data   RW         1373    .data               usart.o
    0x20000072   0x00000002   PAD
    0x20000074   0x00000004   Data   RW         1374    .data               usart.o
    0x20000078   0x00000010   Data   RW         1631    .data               stm32f4xx_rcc.o
    0x20000088   0x0000003c   Data   RW         3458    .data               tasks.o
    0x200000c4   0x00000014   Data   RW         3777    .data               timers.o
    0x200000d8   0x0000000c   Data   RW         3895    .data               port.o
    0x200000e4   0x00000018   Data   RW         3978    .data               heap_4.o
    0x200000fc   0x0000047f   Zero   RW           11    .bss                main.o
    0x2000057b   0x00000001   PAD
    0x2000057c   0x0000000e   Zero   RW          456    .bss                lcd.o
    0x2000058a   0x00000320   Zero   RW          755    .bss                usart3.o
    0x200008aa   0x00000006   PAD
    0x200008b0   0x00000640   Zero   RW          976    .bss                usart2.o
    0x20000ef0   0x000000c8   Zero   RW         1372    .bss                usart.o
    0x20000fb8   0x00000040   Zero   RW         3209    .bss                queue.o
    0x20000ff8   0x000002e4   Zero   RW         3457    .bss                tasks.o
    0x200012dc   0x00000028   Zero   RW         3776    .bss                timers.o
    0x20001304   0x00005000   Zero   RW         3977    .bss                heap_4.o
    0x20006304   0x00000060   Zero   RW         4332    .bss                c_w.l(libspace.o)
    0x20006364   0x00000004   PAD
    0x20006368   0x00000200   Zero   RW         1428    HEAP                startup_stm32f40_41xxx.o
    0x20006568   0x00000400   Zero   RW         1427    STACK               startup_stm32f40_41xxx.o


==============================================================================

Image component sizes


      Code (inc. data)   RO Data    RW Data    ZI Data      Debug   Object Name

       576         50         10          0          0       5895   24l01.o
       184         14          0          4          0       2541   delay.o
       296        138          0          0          0       2020   esp8266.o
         0          0          0          0          0      10392   event_groups.o
      1878         80          0          0          0      11280   gps.o
       584        138          0         24      20480       3931   heap_4.o
     16396        136       6080          4         14      24694   lcd.o
        64          6          0          0          0        563   led.o
       136          0          0          0          0       3150   list.o
      2052        496          0         79       1151     316857   main.o
       144         14          0          0          0       2061   misc.o
      1038        382          0         12          0      11041   port.o
      1832        236          0          0         64      14293   queue.o
       276         18          0          0          0       1829   spi.o
        64         26        392          0       1536        864   startup_stm32f40_41xxx.o
       232          6          0          0          0       1877   stm32f4xx_fsmc.o
       156          0          0          0          0       2210   stm32f4xx_gpio.o
        12          0          0          0          0       2841   stm32f4xx_it.o
       288         48          0         16          0       6370   stm32f4xx_rcc.o
        98          0          0          0          0       3406   stm32f4xx_spi.o
       194         28          0          0          0       5062   stm32f4xx_tim.o
       504         42          0          0          0       5880   stm32f4xx_usart.o
       272         36          0         20          0       1853   system_stm32f4xx.o
      2758        670          0         60        740      29095   tasks.o
       148         12          0          0          0       1226   timer.o
       148         12          0          0          0       1238   timer3.o
      1144        260          0         20         40       9266   timers.o
       294         26          0          6        200       4328   usart.o
       316         32          0          2       1600       2290   usart2.o
       432         56          0          2        800       3346   usart3.o

    ----------------------------------------------------------------------
     32542       2962       6514        252      26632     491699   Object Totals
         0          0         32          0          0          0   (incl. Generated)
        26          0          0          3          7          0   (incl. Padding)

    ----------------------------------------------------------------------

      Code (inc. data)   RO Data    RW Data    ZI Data      Debug   Library Member Name

        24          4          0          0          0         84   __2printf.o
        44          6          0          0          0         84   __2sprintf.o
         8          0          0          0          0         68   __main.o
       392          4         17          0          0         92   __printf_flags_ss_wp.o
        14          0          0          0          0         68   __printf_wp.o
         0          0          0          0          0          0   __rtentry.o
        12          0          0          0          0          0   __rtentry2.o
         6          0          0          0          0          0   __rtentry4.o
        52          8          0          0          0          0   __scatter.o
        26          0          0          0          0          0   __scatter_copy.o
        28          0          0          0          0          0   __scatter_zi.o
        44          0          0          0          0        108   _printf_char.o
        48          6          0          0          0         96   _printf_char_common.o
        36          4          0          0          0         80   _printf_char_file.o
         6          0          0          0          0          0   _printf_d.o
       120         16          0          0          0         92   _printf_dec.o
         6          0          0          0          0          0   _printf_f.o
      1050          0          0          0          0        216   _printf_fp_dec.o
       128         16          0          0          0         84   _printf_fp_infnan.o
       148          4         40          0          0        160   _printf_hex_int_ll_ptr.o
       178          0          0          0          0         88   _printf_intcommon.o
        78          0          0          0          0        108   _printf_pad.o
         0          0          0          0          0          0   _printf_percent.o
         4          0          0          0          0          0   _printf_percent_end.o
         6          0          0          0          0          0   _printf_s.o
        82          0          0          0          0         80   _printf_str.o
         6          0          0          0          0          0   _printf_x.o
        10          0          0          0          0         68   _sputc.o
        16          0          0          0          0         68   aeabi_memset.o
       220          4        148          0          0         96   bigflt0.o
      1910        128          0          0          0        672   btod.o
        12          0          0          0          0         72   exit.o
         8          0          0          0          0         68   ferror.o
         6          0          0          0          0        152   heapauxi.o
        44         10         28          0          0         76   lc_numeric_c.o
         2          0          0          0          0          0   libinit.o
        22          0          0          0          0          0   libinit2.o
         2          0          0          0          0          0   libshutdown.o
         2          0          0          0          0          0   libshutdown2.o
         8          4          0          0         96         68   libspace.o
       138          0          0          0          0         80   lludiv10.o
         8          4          0          0          0         68   rt_locale_intlibspace.o
        68          0          0          0          0         68   rt_memclr.o
        78          0          0          0          0         80   rt_memclr_w.o
       138          0          0          0          0         68   rt_memcpy_v6.o
       100          0          0          0          0         80   rt_memcpy_w.o
         2          0          0          0          0          0   rtexit.o
        10          0          0          0          0          0   rtexit2.o
       128          0          0          0          0         68   strcmpv7m.o
        72          0          0          0          0         80   strcpy.o
        62          0          0          0          0         76   strlen.o
        36          0          0          0          0         80   strstr.o
        74          0          0          0          0         80   sys_stackheap_outer.o
         2          0          0          0          0         68   use_no_semi.o
         2          0          0          0          0         68   use_no_semi_2.o
        90          4          0          0          0        140   dfixu.o
        38          0          0          0          0        116   dflt_clz.o
       340         12          0          0          0        152   dmul.o
       156          4          0          0          0        140   dnaninf.o
        12          0          0          0          0        116   dretinf.o
        86          4          0          0          0        132   f2d.o
       140          4          0          0          0        132   fnaninf.o
        10          0          0          0          0        116   fpinit.o
         4          0          0          0          0        116   printf1.o
         0          0          0          0          0          0   usenofp.o
        48          0          0          0          0        124   fpclassify.o

    ----------------------------------------------------------------------
      6662        246        234          0        100       5096   Library Totals
        12          0          1          0          4          0   (incl. Padding)

    ----------------------------------------------------------------------

      Code (inc. data)   RO Data    RW Data    ZI Data      Debug   Library Name

      5726        218        233          0         96       3812   c_w.l
       876         28          0          0          0       1160   fz_wm.l
        48          0          0          0          0        124   m_wm.l

    ----------------------------------------------------------------------
      6662        246        234          0        100       5096   Library Totals

    ----------------------------------------------------------------------

==============================================================================


      Code (inc. data)   RO Data    RW Data    ZI Data      Debug   

     39204       3208       6748        252      26732     476263   Grand Totals
     39204       3208       6748        252      26732     476263   ELF Image Totals
     39204       3208       6748        252          0          0   ROM Totals

==============================================================================

    Total RO  Size (Code + RO Data)                45952 (  44.88kB)
    Total RW  Size (RW Data + ZI Data)             26984 (  26.35kB)
    Total ROM Size (Code + RO Data + RW Data)      46204 (  45.12kB)

==============================================================================

